
[2026-08-09T10:42:27.265224+00:00] START /data1/work/MichaelYu/miniconda3/envs/florence/bin/torchrun --standalone --nproc_per_node=4 --master_port=29820 /data1/work/MichaelYu/florence-attibute/scripts/train_person_attribute_sft.py --train-data /data1/work/MichaelYu/florence-attibute/data/prepared/train.jsonl --dev-data /data1/work/MichaelYu/florence-attibute/data/prepared/dev.jsonl --replay-data /data1/work/MichaelYu/florence-attibute/data/prepared/native_replay.jsonl --model-path /data1/work/MichaelYu/florence-attibute/pretrained/Florence-2-base --output-root /data1/work/MichaelYu/florence-attibute/artifacts/sft --run-name region_category_person_sft_30k_replay1k_b32 --formal-global-batch-size 32 --per-device-batch-size 4 --gradient-accumulation-steps 2 --vision-lr 1e-07 --projection-lr 5e-07 --language-lr 1e-06 --weight-decay 0.01 --label-smoothing 0.05 --warmup-ratio 0.05 --min-lr-ratio 0.1 --eval-steps 100 --log-steps 10 --num-workers 6 --dev-num-workers 0 --prefetch-factor 1 --epochs 1 --max-optimizer-steps 969
2026-08-09 18:42:38,769 WARNING Missing checkpoint keys after tied-weight load: ['language_model.model.encoder.embed_tokens.weight', 'language_model.model.decoder.embed_tokens.weight', 'language_model.lm_head.weight']
2026-08-09 18:42:38,987 INFO parameter groups: {'vision': {'tensors': 400, 'parameters': 90368000}, 'projection': {'tensors': 5, 'parameters': 839168}, 'language': {'tensors': 259, 'parameters': 140206848}}
/data1/work/MichaelYu/miniconda3/envs/florence/lib/python3.10/site-packages/torch/autograd/graph.py:825: UserWarning: Grad strides do not match bucket view strides. This may indicate grad was not created according to the gradient layout contract, or that the param's strides changed since DDP was constructed.  This is not an error, but may impair performance.
grad.sizes() = [1024, 1, 3, 3], strides() = [9, 1, 3, 1]
bucket_view.sizes() = [1024, 1, 3, 3], strides() = [9, 9, 3, 1] (Triggered internally at ../torch/csrc/distributed/c10d/reducer.cpp:327.)
  return Variable._execution_engine.run_backward(  # Calls into the C++ engine to run the backward pass
/data1/work/MichaelYu/miniconda3/envs/florence/lib/python3.10/site-packages/torch/autograd/graph.py:825: UserWarning: Grad strides do not match bucket view strides. This may indicate grad was not created according to the gradient layout contract, or that the param's strides changed since DDP was constructed.  This is not an error, but may impair performance.
grad.sizes() = [1024, 1, 3, 3], strides() = [9, 1, 3, 1]
bucket_view.sizes() = [1024, 1, 3, 3], strides() = [9, 9, 3, 1] (Triggered internally at ../torch/csrc/distributed/c10d/reducer.cpp:327.)
  return Variable._execution_engine.run_backward(  # Calls into the C++ engine to run the backward pass
/data1/work/MichaelYu/miniconda3/envs/florence/lib/python3.10/site-packages/torch/autograd/graph.py:825: UserWarning: Grad strides do not match bucket view strides. This may indicate grad was not created according to the gradient layout contract, or that the param's strides changed since DDP was constructed.  This is not an error, but may impair performance.
grad.sizes() = [1024, 1, 3, 3], strides() = [9, 1, 3, 1]
bucket_view.sizes() = [1024, 1, 3, 3], strides() = [9, 9, 3, 1] (Triggered internally at ../torch/csrc/distributed/c10d/reducer.cpp:327.)
  return Variable._execution_engine.run_backward(  # Calls into the C++ engine to run the backward pass
/data1/work/MichaelYu/miniconda3/envs/florence/lib/python3.10/site-packages/torch/autograd/graph.py:825: UserWarning: Grad strides do not match bucket view strides. This may indicate grad was not created according to the gradient layout contract, or that the param's strides changed since DDP was constructed.  This is not an error, but may impair performance.
grad.sizes() = [1024, 1, 3, 3], strides() = [9, 1, 3, 1]
bucket_view.sizes() = [1024, 1, 3, 3], strides() = [9, 9, 3, 1] (Triggered internally at ../torch/csrc/distributed/c10d/reducer.cpp:327.)
  return Variable._execution_engine.run_backward(  # Calls into the C++ engine to run the backward pass
2026-08-09 18:42:42,601 INFO epoch=1 step=1/969 loss=3.885076 grad_norm=32.9217 lr=[2.040816326530612e-08, 2.040816326530612e-08, 1.020408163265306e-08, 1.020408163265306e-08, 2.040816326530612e-09, 2.040816326530612e-09]
2026-08-09 18:42:46,534 INFO epoch=1 step=10/969 loss=3.364130 grad_norm=23.1467 lr=[2.0408163265306121e-07, 2.0408163265306121e-07, 1.0204081632653061e-07, 1.0204081632653061e-07, 2.0408163265306123e-08, 2.0408163265306123e-08]
2026-08-09 18:42:50,904 INFO epoch=1 step=20/969 loss=3.432860 grad_norm=22.1330 lr=[4.0816326530612243e-07, 4.0816326530612243e-07, 2.0408163265306121e-07, 2.0408163265306121e-07, 4.081632653061225e-08, 4.081632653061225e-08]
2026-08-09 18:42:55,503 INFO epoch=1 step=30/969 loss=3.158576 grad_norm=20.1892 lr=[6.122448979591837e-07, 6.122448979591837e-07, 3.0612244897959183e-07, 3.0612244897959183e-07, 6.122448979591837e-08, 6.122448979591837e-08]
2026-08-09 18:42:59,862 INFO epoch=1 step=40/969 loss=3.193769 grad_norm=19.2371 lr=[8.163265306122449e-07, 8.163265306122449e-07, 4.0816326530612243e-07, 4.0816326530612243e-07, 8.16326530612245e-08, 8.16326530612245e-08]
2026-08-09 18:43:04,210 INFO epoch=1 step=50/969 loss=2.853723 grad_norm=15.9871 lr=[9.999973763482605e-07, 9.999973763482605e-07, 4.999986881741303e-07, 4.999986881741303e-07, 9.999973763482604e-08, 9.999973763482604e-08]
2026-08-09 18:43:08,455 INFO epoch=1 step=60/969 loss=2.541787 grad_norm=13.4902 lr=[9.996825751560217e-07, 9.996825751560217e-07, 4.998412875780109e-07, 4.998412875780109e-07, 9.996825751560217e-08, 9.996825751560217e-08]
2026-08-09 18:43:12,730 INFO epoch=1 step=70/969 loss=2.447479 grad_norm=10.1711 lr=[9.988434641965087e-07, 9.988434641965087e-07, 4.994217320982543e-07, 4.994217320982543e-07, 9.988434641965086e-08, 9.988434641965086e-08]
2026-08-09 18:43:16,981 INFO epoch=1 step=80/969 loss=2.038756 grad_norm=9.2440 lr=[9.974810218355646e-07, 9.974810218355646e-07, 4.987405109177823e-07, 4.987405109177823e-07, 9.974810218355646e-08, 9.974810218355646e-08]
2026-08-09 18:43:21,333 INFO epoch=1 step=90/969 loss=1.818475 grad_norm=8.7856 lr=[9.95596836620037e-07, 9.95596836620037e-07, 4.977984183100185e-07, 4.977984183100185e-07, 9.95596836620037e-08, 9.95596836620037e-08]
2026-08-09 18:43:25,662 INFO epoch=1 step=100/969 loss=1.965078 grad_norm=7.2851 lr=[9.931931054256033e-07, 9.931931054256033e-07, 4.965965527128017e-07, 4.965965527128017e-07, 9.931931054256033e-08, 9.931931054256033e-08]
/data1/work/MichaelYu/miniconda3/envs/florence/lib/python3.10/site-packages/transformers/generation/configuration_utils.py:453: UserWarning: `num_beams` is set to 1. However, `early_stopping` is set to `True` -- this flag is only used in beam-based generation modes. You should set `num_beams>1` or unset `early_stopping`.
  warnings.warn(
2026-08-09 18:45:05,725 INFO dev metrics: {'samples': 128, 'empty_outputs': 0, 'average_words': 20.75, 'p95_words': 28, 'length_18_24_ratio': 0.6484375, 'single_sentence_ratio': 0.9921875, 'subject_start_ratio': 0.9921875, 'dev_loss': 1.9749401138764413, 'global_step': 100}
Removed shared tensor {'language_model.model.decoder.embed_tokens.weight', 'language_model.model.encoder.embed_tokens.weight'} while saving. This should be OK, but check by verifying that you don't receive any warning while reloading
2026-08-09 18:45:14,985 INFO epoch=1 step=110/969 loss=2.185824 grad_norm=7.7022 lr=[9.902726308953116e-07, 9.902726308953116e-07, 4.951363154476558e-07, 4.951363154476558e-07, 9.902726308953115e-08, 9.902726308953115e-08]
2026-08-09 18:45:19,320 INFO epoch=1 step=120/969 loss=1.945435 grad_norm=6.7165 lr=[9.868388181718242e-07, 9.868388181718242e-07, 4.934194090859121e-07, 4.934194090859121e-07, 9.868388181718244e-08, 9.868388181718244e-08]
2026-08-09 18:45:23,614 INFO epoch=1 step=130/969 loss=2.115515 grad_norm=7.9073 lr=[9.82895670927175e-07, 9.82895670927175e-07, 4.914478354635875e-07, 4.914478354635875e-07, 9.82895670927175e-08, 9.82895670927175e-08]
2026-08-09 18:45:28,051 INFO epoch=1 step=140/969 loss=2.055094 grad_norm=7.7373 lr=[9.784477866946642e-07, 9.784477866946642e-07, 4.892238933473321e-07, 4.892238933473321e-07, 9.784477866946642e-08, 9.784477866946642e-08]
2026-08-09 18:45:32,505 INFO epoch=1 step=150/969 loss=2.014757 grad_norm=7.6433 lr=[9.735003515083432e-07, 9.735003515083432e-07, 4.867501757541716e-07, 4.867501757541716e-07, 9.735003515083432e-08, 9.735003515083432e-08]
2026-08-09 18:45:37,151 INFO epoch=1 step=160/969 loss=1.601411 grad_norm=7.0344 lr=[9.680591338563285e-07, 9.680591338563285e-07, 4.840295669281642e-07, 4.840295669281642e-07, 9.680591338563285e-08, 9.680591338563285e-08]
2026-08-09 18:45:44,757 INFO epoch=1 step=170/969 loss=1.670632 grad_norm=6.7881 lr=[9.62130477955004e-07, 9.62130477955004e-07, 4.81065238977502e-07, 4.81065238977502e-07, 9.621304779550039e-08, 9.621304779550039e-08]
2026-08-09 18:45:49,107 INFO epoch=1 step=180/969 loss=1.903033 grad_norm=8.3287 lr=[9.557212963519479e-07, 9.557212963519479e-07, 4.778606481759739e-07, 4.778606481759739e-07, 9.55721296351948e-08, 9.55721296351948e-08]
2026-08-09 18:45:53,502 INFO epoch=1 step=190/969 loss=1.996431 grad_norm=6.6877 lr=[9.488390618662116e-07, 9.488390618662116e-07, 4.744195309331058e-07, 4.744195309331058e-07, 9.488390618662117e-08, 9.488390618662117e-08]
2026-08-09 18:45:57,960 INFO epoch=1 step=200/969 loss=1.819608 grad_norm=6.7860 lr=[9.414917988753473e-07, 9.414917988753473e-07, 4.707458994376736e-07, 4.707458994376736e-07, 9.414917988753472e-08, 9.414917988753472e-08]
/data1/work/MichaelYu/miniconda3/envs/florence/lib/python3.10/site-packages/transformers/generation/configuration_utils.py:453: UserWarning: `num_beams` is set to 1. However, `early_stopping` is set to `True` -- this flag is only used in beam-based generation modes. You should set `num_beams>1` or unset `early_stopping`.
  warnings.warn(
2026-08-09 18:47:36,629 INFO dev metrics: {'samples': 128, 'empty_outputs': 0, 'average_words': 22.421875, 'p95_words': 29, 'length_18_24_ratio': 0.6171875, 'single_sentence_ratio': 1.0, 'subject_start_ratio': 1.0, 'dev_loss': 1.7336802578227606, 'global_step': 200}
2026-08-09 18:47:44,441 INFO epoch=1 step=210/969 loss=1.550461 grad_norm=6.8745 lr=[9.336880739593415e-07, 9.336880739593415e-07, 4.6684403697967073e-07, 4.6684403697967073e-07, 9.336880739593415e-08, 9.336880739593415e-08]
2026-08-09 18:47:53,436 INFO epoch=1 step=220/969 loss=1.848436 grad_norm=51.0171 lr=[9.254369859123676e-07, 9.254369859123676e-07, 4.627184929561838e-07, 4.627184929561838e-07, 9.254369859123677e-08, 9.254369859123677e-08]
2026-08-09 18:47:57,765 INFO epoch=1 step=230/969 loss=1.787428 grad_norm=7.3870 lr=[9.16748155133998e-07, 9.16748155133998e-07, 4.58374077566999e-07, 4.58374077566999e-07, 9.16748155133998e-08, 9.16748155133998e-08]
2026-08-09 18:48:02,038 INFO epoch=1 step=240/969 loss=1.741228 grad_norm=7.8959 lr=[9.07631712412248e-07, 9.07631712412248e-07, 4.53815856206124e-07, 4.53815856206124e-07, 9.07631712412248e-08, 9.07631712412248e-08]
2026-08-09 18:48:06,313 INFO epoch=1 step=250/969 loss=1.706562 grad_norm=7.7937 lr=[8.980982871115317e-07, 8.980982871115317e-07, 4.490491435557659e-07, 4.490491435557659e-07, 8.980982871115319e-08, 8.980982871115319e-08]
2026-08-09 18:48:10,647 INFO epoch=1 step=260/969 loss=1.835694 grad_norm=7.8552 lr=[8.881589947792971e-07, 8.881589947792971e-07, 4.4407949738964857e-07, 4.4407949738964857e-07, 8.881589947792971e-08, 8.881589947792971e-08]
2026-08-09 18:48:15,332 INFO epoch=1 step=270/969 loss=1.560867 grad_norm=6.7429 lr=[8.778254241857957e-07, 8.778254241857957e-07, 4.3891271209289786e-07, 4.3891271209289786e-07, 8.778254241857957e-08, 8.778254241857957e-08]
2026-08-09 18:48:19,623 INFO epoch=1 step=280/969 loss=1.760376 grad_norm=8.2283 lr=[8.671096238120946e-07, 8.671096238120946e-07, 4.335548119060473e-07, 4.335548119060473e-07, 8.671096238120946e-08, 8.671096238120946e-08]
2026-08-09 18:48:23,921 INFO epoch=1 step=290/969 loss=1.791632 grad_norm=7.7838 lr=[8.560240878020868e-07, 8.560240878020868e-07, 4.280120439010434e-07, 4.280120439010434e-07, 8.560240878020868e-08, 8.560240878020868e-08]
2026-08-09 18:48:28,304 INFO epoch=1 step=300/969 loss=1.802219 grad_norm=6.6548 lr=[8.445817413948777e-07, 8.445817413948777e-07, 4.2229087069743887e-07, 4.2229087069743887e-07, 8.445817413948777e-08, 8.445817413948777e-08]
/data1/work/MichaelYu/miniconda3/envs/florence/lib/python3.10/site-packages/transformers/generation/configuration_utils.py:453: UserWarning: `num_beams` is set to 1. However, `early_stopping` is set to `True` -- this flag is only used in beam-based generation modes. You should set `num_beams>1` or unset `early_stopping`.
  warnings.warn(
2026-08-09 18:50:03,993 INFO dev metrics: {'samples': 128, 'empty_outputs': 0, 'average_words': 22.25, 'p95_words': 29, 'length_18_24_ratio': 0.5859375, 'single_sentence_ratio': 1.0, 'subject_start_ratio': 1.0, 'dev_loss': 1.659991869753071, 'global_step': 300}
2026-08-09 18:50:11,630 INFO epoch=1 step=310/969 loss=1.827067 grad_norm=7.8817 lr=[8.32795925854535e-07, 8.32795925854535e-07, 4.163979629272675e-07, 4.163979629272675e-07, 8.327959258545351e-08, 8.327959258545351e-08]
2026-08-09 18:50:19,575 INFO epoch=1 step=320/969 loss=1.567519 grad_norm=7.4093 lr=[8.206803829147718e-07, 8.206803829147718e-07, 4.103401914573859e-07, 4.103401914573859e-07, 8.206803829147718e-08, 8.206803829147718e-08]
2026-08-09 18:50:23,904 INFO epoch=1 step=330/969 loss=1.748498 grad_norm=25.0223 lr=[8.082492387566991e-07, 8.082492387566991e-07, 4.041246193783496e-07, 4.041246193783496e-07, 8.082492387566991e-08, 8.082492387566991e-08]
2026-08-09 18:50:28,204 INFO epoch=1 step=340/969 loss=1.679090 grad_norm=9.0378 lr=[7.95516987538331e-07, 7.95516987538331e-07, 3.977584937691655e-07, 3.977584937691655e-07, 7.955169875383309e-08, 7.955169875383309e-08]
2026-08-09 18:50:32,498 INFO epoch=1 step=350/969 loss=1.639996 grad_norm=12.9988 lr=[7.824984744950445e-07, 7.824984744950445e-07, 3.9124923724752224e-07, 3.9124923724752224e-07, 7.824984744950444e-08, 7.824984744950444e-08]
2026-08-09 18:50:36,964 INFO epoch=1 step=360/969 loss=1.897930 grad_norm=7.8119 lr=[7.692088786306995e-07, 7.692088786306995e-07, 3.8460443931534973e-07, 3.8460443931534973e-07, 7.692088786306995e-08, 7.692088786306995e-08]
2026-08-09 18:50:41,464 INFO epoch=1 step=370/969 loss=1.560261 grad_norm=8.2613 lr=[7.556636950195988e-07, 7.556636950195988e-07, 3.778318475097994e-07, 3.778318475097994e-07, 7.556636950195988e-08, 7.556636950195988e-08]
2026-08-09 18:50:46,057 INFO epoch=1 step=380/969 loss=1.774011 grad_norm=6.5926 lr=[7.418787167399254e-07, 7.418787167399254e-07, 3.709393583699627e-07, 3.709393583699627e-07, 7.418787167399254e-08, 7.418787167399254e-08]
2026-08-09 18:50:50,353 INFO epoch=1 step=390/969 loss=1.708013 grad_norm=7.2789 lr=[7.278700164597186e-07, 7.278700164597186e-07, 3.639350082298593e-07, 3.639350082298593e-07, 7.278700164597186e-08, 7.278700164597186e-08]
2026-08-09 18:50:54,635 INFO epoch=1 step=400/969 loss=2.056622 grad_norm=7.3426 lr=[7.136539276968634e-07, 7.136539276968634e-07, 3.568269638484317e-07, 3.568269638484317e-07, 7.136539276968634e-08, 7.136539276968634e-08]
/data1/work/MichaelYu/miniconda3/envs/florence/lib/python3.10/site-packages/transformers/generation/configuration_utils.py:453: UserWarning: `num_beams` is set to 1. However, `early_stopping` is set to `True` -- this flag is only used in beam-based generation modes. You should set `num_beams>1` or unset `early_stopping`.
  warnings.warn(
2026-08-09 18:52:26,302 INFO dev metrics: {'samples': 128, 'empty_outputs': 0, 'average_words': 22.578125, 'p95_words': 30, 'length_18_24_ratio': 0.609375, 'single_sentence_ratio': 1.0, 'subject_start_ratio': 1.0, 'dev_loss': 1.6207231605370065, 'global_step': 400}
2026-08-09 18:52:34,664 INFO epoch=1 step=410/969 loss=1.628923 grad_norm=7.1294 lr=[6.992470257749382e-07, 6.992470257749382e-07, 3.496235128874691e-07, 3.496235128874691e-07, 6.992470257749382e-08, 6.992470257749382e-08]
2026-08-09 18:52:42,874 INFO epoch=1 step=420/969 loss=1.478448 grad_norm=7.5661 lr=[6.84666108497129e-07, 6.84666108497129e-07, 3.423330542485645e-07, 3.423330542485645e-07, 6.846661084971291e-08, 6.846661084971291e-08]
2026-08-09 18:52:47,156 INFO epoch=1 step=430/969 loss=1.517467 grad_norm=6.8560 lr=[6.699281765607437e-07, 6.699281765607437e-07, 3.3496408828037186e-07, 3.3496408828037186e-07, 6.699281765607438e-08, 6.699281765607438e-08]
2026-08-09 18:52:51,458 INFO epoch=1 step=440/969 loss=1.993890 grad_norm=8.2529 lr=[6.550504137351575e-07, 6.550504137351575e-07, 3.2752520686757873e-07, 3.2752520686757873e-07, 6.550504137351574e-08, 6.550504137351574e-08]
2026-08-09 18:52:55,803 INFO epoch=1 step=450/969 loss=1.525226 grad_norm=9.1220 lr=[6.400501668263076e-07, 6.400501668263076e-07, 3.200250834131538e-07, 3.200250834131538e-07, 6.400501668263076e-08, 6.400501668263076e-08]
2026-08-09 18:53:00,123 INFO epoch=1 step=460/969 loss=1.774300 grad_norm=9.1827 lr=[6.249449254510937e-07, 6.249449254510937e-07, 3.1247246272554685e-07, 3.1247246272554685e-07, 6.249449254510937e-08, 6.249449254510937e-08]
2026-08-09 18:53:04,481 INFO epoch=1 step=470/969 loss=1.770913 grad_norm=7.6623 lr=[6.097523016452663e-07, 6.097523016452663e-07, 3.0487615082263313e-07, 3.0487615082263313e-07, 6.097523016452662e-08, 6.097523016452662e-08]
2026-08-09 18:53:08,809 INFO epoch=1 step=480/969 loss=1.734495 grad_norm=8.3618 lr=[5.944900093285814e-07, 5.944900093285814e-07, 2.972450046642907e-07, 2.972450046642907e-07, 5.944900093285814e-08, 5.944900093285814e-08]
2026-08-09 18:53:13,200 INFO epoch=1 step=490/969 loss=1.688002 grad_norm=8.2342 lr=[5.791758436511618e-07, 5.791758436511618e-07, 2.895879218255809e-07, 2.895879218255809e-07, 5.791758436511618e-08, 5.791758436511618e-08]
2026-08-09 18:53:17,476 INFO epoch=1 step=500/969 loss=1.854306 grad_norm=7.4307 lr=[5.638276602451491e-07, 5.638276602451491e-07, 2.8191383012257455e-07, 2.8191383012257455e-07, 5.638276602451491e-08, 5.638276602451491e-08]
/data1/work/MichaelYu/miniconda3/envs/florence/lib/python3.10/site-packages/transformers/generation/configuration_utils.py:453: UserWarning: `num_beams` is set to 1. However, `early_stopping` is set to `True` -- this flag is only used in beam-based generation modes. You should set `num_beams>1` or unset `early_stopping`.
  warnings.warn(
2026-08-09 18:54:54,041 INFO dev metrics: {'samples': 128, 'empty_outputs': 0, 'average_words': 21.625, 'p95_words': 29, 'length_18_24_ratio': 0.609375, 'single_sentence_ratio': 1.0, 'subject_start_ratio': 1.0, 'dev_loss': 1.5957842876831227, 'global_step': 500}
2026-08-09 18:55:03,128 INFO epoch=1 step=510/969 loss=1.654186 grad_norm=7.6137 lr=[5.48463354405834e-07, 5.48463354405834e-07, 2.74231677202917e-07, 2.74231677202917e-07, 5.4846335440583404e-08, 5.4846335440583404e-08]
2026-08-09 18:55:07,632 INFO epoch=1 step=520/969 loss=1.491772 grad_norm=8.4386 lr=[5.331008402265443e-07, 5.331008402265443e-07, 2.6655042011327213e-07, 2.6655042011327213e-07, 5.3310084022654425e-08, 5.3310084022654425e-08]
2026-08-09 18:55:11,923 INFO epoch=1 step=530/969 loss=1.800956 grad_norm=7.2625 lr=[5.177580297116109e-07, 5.177580297116109e-07, 2.588790148558054e-07, 2.588790148558054e-07, 5.177580297116109e-08, 5.177580297116109e-08]
2026-08-09 18:55:16,193 INFO epoch=1 step=540/969 loss=1.542569 grad_norm=7.6909 lr=[5.024528118917751e-07, 5.024528118917751e-07, 2.5122640594588756e-07, 2.5122640594588756e-07, 5.0245281189177514e-08, 5.0245281189177514e-08]
2026-08-09 18:55:20,505 INFO epoch=1 step=550/969 loss=1.502047 grad_norm=14.5501 lr=[4.872030319663759e-07, 4.872030319663759e-07, 2.4360151598318796e-07, 2.4360151598318796e-07, 4.872030319663759e-08, 4.872030319663759e-08]
2026-08-09 18:55:24,781 INFO epoch=1 step=560/969 loss=1.744627 grad_norm=10.7289 lr=[4.720264704966483e-07, 4.720264704966483e-07, 2.3601323524832416e-07, 2.3601323524832416e-07, 4.7202647049664836e-08, 4.7202647049664836e-08]
2026-08-09 18:55:31,718 INFO epoch=1 step=570/969 loss=1.639824 grad_norm=7.9845 lr=[4.569408226743824e-07, 4.569408226743824e-07, 2.284704113371912e-07, 2.284704113371912e-07, 4.569408226743824e-08, 4.569408226743824e-08]
2026-08-09 18:55:36,097 INFO epoch=1 step=580/969 loss=1.955898 grad_norm=6.9817 lr=[4.4196367769012255e-07, 4.4196367769012255e-07, 2.2098183884506127e-07, 2.2098183884506127e-07, 4.4196367769012255e-08, 4.4196367769012255e-08]
2026-08-09 18:55:40,471 INFO epoch=1 step=590/969 loss=1.506270 grad_norm=6.6474 lr=[4.271124982249579e-07, 4.271124982249579e-07, 2.1355624911247895e-07, 2.1355624911247895e-07, 4.271124982249579e-08, 4.271124982249579e-08]
2026-08-09 18:55:44,968 INFO epoch=1 step=600/969 loss=1.520457 grad_norm=7.7637 lr=[4.1240460008981617e-07, 4.1240460008981617e-07, 2.0620230004490808e-07, 2.0620230004490808e-07, 4.124046000898161e-08, 4.124046000898161e-08]
/data1/work/MichaelYu/miniconda3/envs/florence/lib/python3.10/site-packages/transformers/generation/configuration_utils.py:453: UserWarning: `num_beams` is set to 1. However, `early_stopping` is set to `True` -- this flag is only used in beam-based generation modes. You should set `num_beams>1` or unset `early_stopping`.
  warnings.warn(
2026-08-09 18:57:14,910 INFO dev metrics: {'samples': 128, 'empty_outputs': 0, 'average_words': 21.78125, 'p95_words': 30, 'length_18_24_ratio': 0.609375, 'single_sentence_ratio': 1.0, 'subject_start_ratio': 1.0, 'dev_loss': 1.5785108806766825, 'global_step': 600}
2026-08-09 18:57:23,060 INFO epoch=1 step=610/969 loss=1.448707 grad_norm=7.6313 lr=[3.978571320360047e-07, 3.978571320360047e-07, 1.9892856601800234e-07, 1.9892856601800234e-07, 3.978571320360047e-08, 3.978571320360047e-08]
2026-08-09 18:57:30,550 INFO epoch=1 step=620/969 loss=1.612030 grad_norm=7.4040 lr=[3.834870557605313e-07, 3.834870557605313e-07, 1.9174352788026565e-07, 1.9174352788026565e-07, 3.834870557605313e-08, 3.834870557605313e-08]
2026-08-09 18:57:34,921 INFO epoch=1 step=630/969 loss=1.656890 grad_norm=7.5320 lr=[3.693111261295263e-07, 3.693111261295263e-07, 1.8465556306476315e-07, 1.8465556306476315e-07, 3.693111261295263e-08, 3.693111261295263e-08]
2026-08-09 18:57:39,277 INFO epoch=1 step=640/969 loss=1.784307 grad_norm=8.1343 lr=[3.553458716428165e-07, 3.553458716428165e-07, 1.7767293582140825e-07, 1.7767293582140825e-07, 3.553458716428165e-08, 3.553458716428165e-08]
2026-08-09 18:57:43,707 INFO epoch=1 step=650/969 loss=1.327695 grad_norm=7.8834 lr=[3.416075751624352e-07, 3.416075751624352e-07, 1.708037875812176e-07, 1.708037875812176e-07, 3.4160757516243516e-08, 3.4160757516243516e-08]
2026-08-09 18:57:48,049 INFO epoch=1 step=660/969 loss=1.667137 grad_norm=9.8495 lr=[3.281122549275318e-07, 3.281122549275318e-07, 1.640561274637659e-07, 1.640561274637659e-07, 3.281122549275318e-08, 3.281122549275318e-08]
2026-08-09 18:57:52,445 INFO epoch=1 step=670/969 loss=1.504995 grad_norm=7.4572 lr=[3.14875645877823e-07, 3.14875645877823e-07, 1.574378229389115e-07, 1.574378229389115e-07, 3.14875645877823e-08, 3.14875645877823e-08]
2026-08-09 18:57:56,925 INFO epoch=1 step=680/969 loss=1.558065 grad_norm=7.7077 lr=[3.019131813073563e-07, 3.019131813073563e-07, 1.5095659065367816e-07, 1.5095659065367816e-07, 3.0191318130735635e-08, 3.0191318130735635e-08]
2026-08-09 18:58:01,225 INFO epoch=1 step=690/969 loss=2.059694 grad_norm=10.7856 lr=[2.892399748699793e-07, 2.892399748699793e-07, 1.4461998743498965e-07, 1.4461998743498965e-07, 2.892399748699793e-08, 2.892399748699793e-08]
2026-08-09 18:58:05,639 INFO epoch=1 step=700/969 loss=1.649108 grad_norm=7.4951 lr=[2.7687080295749585e-07, 2.7687080295749585e-07, 1.3843540147874793e-07, 1.3843540147874793e-07, 2.7687080295749588e-08, 2.7687080295749588e-08]
/data1/work/MichaelYu/miniconda3/envs/florence/lib/python3.10/site-packages/transformers/generation/configuration_utils.py:453: UserWarning: `num_beams` is set to 1. However, `early_stopping` is set to `True` -- this flag is only used in beam-based generation modes. You should set `num_beams>1` or unset `early_stopping`.
  warnings.warn(
2026-08-09 18:59:36,380 INFO dev metrics: {'samples': 128, 'empty_outputs': 0, 'average_words': 21.640625, 'p95_words': 30, 'length_18_24_ratio': 0.6171875, 'single_sentence_ratio': 1.0, 'subject_start_ratio': 1.0, 'dev_loss': 1.5695044457621599, 'global_step': 700}
2026-08-09 18:59:44,713 INFO epoch=1 step=710/969 loss=1.735422 grad_norm=7.4410 lr=[2.6482008747105356e-07, 2.6482008747105356e-07, 1.3241004373552678e-07, 1.3241004373552678e-07, 2.6482008747105355e-08, 2.6482008747105355e-08]
2026-08-09 18:59:52,802 INFO epoch=1 step=720/969 loss=1.712749 grad_norm=7.1210 lr=[2.531018790058528e-07, 2.531018790058528e-07, 1.265509395029264e-07, 1.265509395029264e-07, 2.5310187900585278e-08, 2.5310187900585278e-08]
2026-08-09 18:59:57,172 INFO epoch=1 step=730/969 loss=1.825785 grad_norm=7.8805 lr=[2.417298404687812e-07, 2.417298404687812e-07, 1.208649202343906e-07, 1.208649202343906e-07, 2.417298404687812e-08, 2.417298404687812e-08]
2026-08-09 19:00:01,510 INFO epoch=1 step=740/969 loss=1.725491 grad_norm=7.8706 lr=[2.3071723114807492e-07, 2.3071723114807492e-07, 1.1535861557403746e-07, 1.1535861557403746e-07, 2.307172311480749e-08, 2.307172311480749e-08]
2026-08-09 19:00:05,806 INFO epoch=1 step=750/969 loss=2.003959 grad_norm=7.6695 lr=[2.200768912535822e-07, 2.200768912535822e-07, 1.100384456267911e-07, 1.100384456267911e-07, 2.200768912535822e-08, 2.200768912535822e-08]
2026-08-09 19:00:10,112 INFO epoch=1 step=760/969 loss=1.377810 grad_norm=8.1446 lr=[2.098212269456523e-07, 2.098212269456523e-07, 1.0491061347282614e-07, 1.0491061347282614e-07, 2.0982122694565228e-08, 2.0982122694565228e-08]
2026-08-09 19:00:14,563 INFO epoch=1 step=770/969 loss=1.742546 grad_norm=8.0219 lr=[1.9996219587010847e-07, 1.9996219587010847e-07, 9.998109793505424e-08, 9.998109793505424e-08, 1.999621958701085e-08, 1.999621958701085e-08]
2026-08-09 19:00:18,917 INFO epoch=1 step=780/969 loss=1.547132 grad_norm=7.7858 lr=[1.9051129321616726e-07, 1.9051129321616726e-07, 9.525564660808363e-08, 9.525564660808363e-08, 1.9051129321616727e-08, 1.9051129321616727e-08]
2026-08-09 19:00:23,336 INFO epoch=1 step=790/969 loss=1.760993 grad_norm=7.1357 lr=[1.8147953831356215e-07, 1.8147953831356215e-07, 9.073976915678107e-08, 9.073976915678107e-08, 1.8147953831356213e-08, 1.8147953831356213e-08]
2026-08-09 19:00:27,835 INFO epoch=1 step=800/969 loss=1.848168 grad_norm=7.5599 lr=[1.728774617844977e-07, 1.728774617844977e-07, 8.643873089224885e-08, 8.643873089224885e-08, 1.728774617844977e-08, 1.728774617844977e-08]
/data1/work/MichaelYu/miniconda3/envs/florence/lib/python3.10/site-packages/transformers/generation/configuration_utils.py:453: UserWarning: `num_beams` is set to 1. However, `early_stopping` is set to `True` -- this flag is only used in beam-based generation modes. You should set `num_beams>1` or unset `early_stopping`.
  warnings.warn(
2026-08-09 19:02:04,044 INFO dev metrics: {'samples': 128, 'empty_outputs': 0, 'average_words': 21.5546875, 'p95_words': 29, 'length_18_24_ratio': 0.609375, 'single_sentence_ratio': 1.0, 'subject_start_ratio': 1.0, 'dev_loss': 1.562922318511247, 'global_step': 800}
2026-08-09 19:02:11,976 INFO epoch=1 step=810/969 loss=1.617157 grad_norm=7.2365 lr=[1.6471509326541594e-07, 1.6471509326541594e-07, 8.235754663270797e-08, 8.235754663270797e-08, 1.6471509326541593e-08, 1.6471509326541593e-08]
2026-08-09 19:02:20,244 INFO epoch=1 step=820/969 loss=1.835316 grad_norm=6.7869 lr=[1.5700194971288817e-07, 1.5700194971288817e-07, 7.850097485644409e-08, 7.850097485644409e-08, 1.5700194971288817e-08, 1.5700194971288817e-08]
2026-08-09 19:02:24,612 INFO epoch=1 step=830/969 loss=1.555845 grad_norm=7.4382 lr=[1.4974702430726957e-07, 1.4974702430726957e-07, 7.487351215363479e-08, 7.487351215363479e-08, 1.497470243072696e-08, 1.497470243072696e-08]
2026-08-09 19:02:28,932 INFO epoch=1 step=840/969 loss=1.888481 grad_norm=9.2206 lr=[1.4295877596705337e-07, 1.4295877596705337e-07, 7.147938798352668e-08, 7.147938798352668e-08, 1.4295877596705336e-08, 1.4295877596705336e-08]
2026-08-09 19:02:33,363 INFO epoch=1 step=850/969 loss=1.833586 grad_norm=7.6707 lr=[1.366451194861498e-07, 1.366451194861498e-07, 6.83225597430749e-08, 6.83225597430749e-08, 1.366451194861498e-08, 1.366451194861498e-08]
2026-08-09 19:02:37,768 INFO epoch=1 step=860/969 loss=2.060059 grad_norm=8.5219 lr=[1.3081341630559098e-07, 1.3081341630559098e-07, 6.540670815279549e-08, 6.540670815279549e-08, 1.3081341630559099e-08, 1.3081341630559099e-08]
2026-08-09 19:02:42,099 INFO epoch=1 step=870/969 loss=1.465871 grad_norm=10.1334 lr=[1.2547046593041968e-07, 1.2547046593041968e-07, 6.273523296520984e-08, 6.273523296520984e-08, 1.2547046593041968e-08, 1.2547046593041968e-08]
2026-08-09 19:02:46,428 INFO epoch=1 step=880/969 loss=1.648810 grad_norm=8.3485 lr=[1.2062249800177068e-07, 1.2062249800177068e-07, 6.031124900088534e-08, 6.031124900088534e-08, 1.2062249800177069e-08, 1.2062249800177069e-08]
2026-08-09 19:02:50,829 INFO epoch=1 step=890/969 loss=1.418184 grad_norm=6.2002 lr=[1.1627516503338771e-07, 1.1627516503338771e-07, 5.8137582516693856e-08, 5.8137582516693856e-08, 1.1627516503338772e-08, 1.1627516503338772e-08]
2026-08-09 19:02:55,134 INFO epoch=1 step=900/969 loss=1.210841 grad_norm=7.8719 lr=[1.1243353582104555e-07, 1.1243353582104555e-07, 5.621676791052277e-08, 5.621676791052277e-08, 1.1243353582104555e-08, 1.1243353582104555e-08]
/data1/work/MichaelYu/miniconda3/envs/florence/lib/python3.10/site-packages/transformers/generation/configuration_utils.py:453: UserWarning: `num_beams` is set to 1. However, `early_stopping` is set to `True` -- this flag is only used in beam-based generation modes. You should set `num_beams>1` or unset `early_stopping`.
  warnings.warn(
2026-08-09 19:04:24,368 INFO dev metrics: {'samples': 128, 'empty_outputs': 0, 'average_words': 21.5234375, 'p95_words': 29, 'length_18_24_ratio': 0.6015625, 'single_sentence_ratio': 1.0, 'subject_start_ratio': 1.0, 'dev_loss': 1.5605675884518833, 'global_step': 900}
2026-08-09 19:04:32,015 INFO epoch=1 step=910/969 loss=1.661212 grad_norm=7.2587 lr=[1.0910208953256065e-07, 1.0910208953256065e-07, 5.4551044766280324e-08, 5.4551044766280324e-08, 1.0910208953256063e-08, 1.0910208953256063e-08]
2026-08-09 19:04:36,562 INFO epoch=1 step=920/969 loss=1.469212 grad_norm=7.2889 lr=[1.06284710485282e-07, 1.06284710485282e-07, 5.3142355242641e-08, 5.3142355242641e-08, 1.06284710485282e-08, 1.06284710485282e-08]
2026-08-09 19:04:44,141 INFO epoch=1 step=930/969 loss=1.778425 grad_norm=7.5832 lr=[1.0398468361715076e-07, 1.0398468361715076e-07, 5.199234180857538e-08, 5.199234180857538e-08, 1.0398468361715077e-08, 1.0398468361715077e-08]
2026-08-09 19:04:48,551 INFO epoch=1 step=940/969 loss=1.476681 grad_norm=6.8527 lr=[1.0220469065660956e-07, 1.0220469065660956e-07, 5.110234532830478e-08, 5.110234532830478e-08, 1.0220469065660956e-08, 1.0220469065660956e-08]
2026-08-09 19:04:52,845 INFO epoch=1 step=950/969 loss=1.818100 grad_norm=7.4234 lr=[1.0094680699582712e-07, 1.0094680699582712e-07, 5.047340349791356e-08, 5.047340349791356e-08, 1.0094680699582712e-08, 1.0094680699582712e-08]
2026-08-09 19:04:57,217 INFO epoch=1 step=960/969 loss=1.617415 grad_norm=7.0372 lr=[1.0021249927088378e-07, 1.0021249927088378e-07, 5.010624963544189e-08, 5.010624963544189e-08, 1.0021249927088378e-08, 1.0021249927088378e-08]
2026-08-09 19:05:04,340 INFO training stopped at optimizer step 969
