2026-08-09 19:08:30,316 WARNING Missing checkpoint keys after tied-weight load: ['language_model.model.encoder.embed_tokens.weight', 'language_model.model.decoder.embed_tokens.weight', 'language_model.lm_head.weight']
2026-08-09 19:08:30,537 INFO parameter groups: {'vision': {'tensors': 400, 'parameters': 90368000}, 'projection': {'tensors': 5, 'parameters': 839168}, 'language': {'tensors': 259, 'parameters': 140206848}}
2026-08-09 19:08:32,992 INFO epoch=1 step=1/1454 loss=3.885076 grad_norm=32.9063 lr=[1.36986301369863e-08, 1.36986301369863e-08, 6.84931506849315e-09, 6.84931506849315e-09, 1.36986301369863e-09, 1.36986301369863e-09]
2026-08-09 19:08:37,701 INFO epoch=1 step=10/1454 loss=3.366808 grad_norm=24.9813 lr=[1.36986301369863e-07, 1.36986301369863e-07, 6.84931506849315e-08, 6.84931506849315e-08, 1.36986301369863e-08, 1.36986301369863e-08]
2026-08-09 19:08:42,055 INFO epoch=1 step=20/1454 loss=3.449285 grad_norm=22.4151 lr=[2.73972602739726e-07, 2.73972602739726e-07, 1.36986301369863e-07, 1.36986301369863e-07, 2.73972602739726e-08, 2.73972602739726e-08]
2026-08-09 19:08:47,092 INFO epoch=1 step=30/1454 loss=3.290153 grad_norm=21.4908 lr=[4.10958904109589e-07, 4.10958904109589e-07, 2.054794520547945e-07, 2.054794520547945e-07, 4.10958904109589e-08, 4.10958904109589e-08]
2026-08-09 19:08:51,457 INFO epoch=1 step=40/1454 loss=3.293564 grad_norm=19.8934 lr=[5.47945205479452e-07, 5.47945205479452e-07, 2.73972602739726e-07, 2.73972602739726e-07, 5.47945205479452e-08, 5.47945205479452e-08]
2026-08-09 19:08:55,920 INFO epoch=1 step=50/1454 loss=3.072784 grad_norm=18.5223 lr=[6.84931506849315e-07, 6.84931506849315e-07, 3.424657534246575e-07, 3.424657534246575e-07, 6.84931506849315e-08, 6.84931506849315e-08]
2026-08-09 19:09:00,346 INFO epoch=1 step=60/1454 loss=2.844787 grad_norm=15.3523 lr=[8.21917808219178e-07, 8.21917808219178e-07, 4.10958904109589e-07, 4.10958904109589e-07, 8.21917808219178e-08, 8.21917808219178e-08]
2026-08-09 19:09:04,651 INFO epoch=1 step=70/1454 loss=2.704044 grad_norm=12.4359 lr=[9.58904109589041e-07, 9.58904109589041e-07, 4.794520547945205e-07, 4.794520547945205e-07, 9.58904109589041e-08, 9.58904109589041e-08]
2026-08-09 19:09:08,956 INFO epoch=1 step=80/1454 loss=2.144688 grad_norm=11.2610 lr=[9.999429465634055e-07, 9.999429465634055e-07, 4.999714732817028e-07, 4.999714732817028e-07, 9.999429465634055e-08, 9.999429465634055e-08]
2026-08-09 19:09:13,479 INFO epoch=1 step=90/1454 loss=1.904009 grad_norm=9.9706 lr=[9.99663535986176e-07, 9.99663535986176e-07, 4.99831767993088e-07, 4.99831767993088e-07, 9.99663535986176e-08, 9.99663535986176e-08]
2026-08-09 19:09:18,059 INFO epoch=1 step=100/1454 loss=2.043916 grad_norm=8.0643 lr=[9.991514334743181e-07, 9.991514334743181e-07, 4.995757167371591e-07, 4.995757167371591e-07, 9.991514334743181e-08, 9.991514334743181e-08]
2026-08-09 19:10:47,536 INFO dev metrics: {'samples': 128, 'empty_outputs': 0, 'average_words': 20.109375, 'p95_words': 28, 'length_18_24_ratio': 0.5625, 'single_sentence_ratio': 0.984375, 'subject_start_ratio': 0.984375, 'dev_loss': 2.0462369148137904, 'global_step': 100}
2026-08-09 19:11:01,457 INFO epoch=1 step=110/1454 loss=2.244904 grad_norm=8.0005 lr=[9.98406904030694e-07, 9.98406904030694e-07, 4.99203452015347e-07, 4.99203452015347e-07, 9.98406904030694e-08, 9.98406904030694e-08]
2026-08-09 19:11:05,971 INFO epoch=1 step=120/1454 loss=1.996485 grad_norm=8.7140 lr=[9.9743033293448e-07, 9.9743033293448e-07, 4.9871516646724e-07, 4.9871516646724e-07, 9.974303329344801e-08, 9.974303329344801e-08]
2026-08-09 19:11:10,998 INFO epoch=1 step=130/1454 loss=2.135295 grad_norm=7.3668 lr=[9.962222255417912e-07, 9.962222255417912e-07, 4.981111127708956e-07, 4.981111127708956e-07, 9.962222255417912e-08, 9.962222255417912e-08]
2026-08-09 19:11:15,420 INFO epoch=1 step=140/1454 loss=2.082106 grad_norm=7.5783 lr=[9.9478320702417e-07, 9.9478320702417e-07, 4.97391603512085e-07, 4.97391603512085e-07, 9.9478320702417e-08, 9.9478320702417e-08]
2026-08-09 19:11:19,763 INFO epoch=1 step=150/1454 loss=2.040756 grad_norm=7.0387 lr=[9.931140220450729e-07, 9.931140220450729e-07, 4.965570110225364e-07, 4.965570110225364e-07, 9.931140220450727e-08, 9.931140220450727e-08]
2026-08-09 19:11:24,086 INFO epoch=1 step=160/1454 loss=1.615302 grad_norm=7.3190 lr=[9.912155343745209e-07, 9.912155343745209e-07, 4.956077671872604e-07, 4.956077671872604e-07, 9.912155343745208e-08, 9.912155343745208e-08]
2026-08-09 19:11:28,584 INFO epoch=1 step=170/1454 loss=1.685770 grad_norm=7.4794 lr=[9.890887264421166e-07, 9.890887264421166e-07, 4.945443632210583e-07, 4.945443632210583e-07, 9.890887264421168e-08, 9.890887264421168e-08]
2026-08-09 19:11:33,344 INFO epoch=1 step=180/1454 loss=1.914945 grad_norm=7.5051 lr=[9.86734698828656e-07, 9.86734698828656e-07, 4.93367349414328e-07, 4.93367349414328e-07, 9.867346988286561e-08, 9.867346988286561e-08]
2026-08-09 19:11:37,740 INFO epoch=1 step=190/1454 loss=2.006539 grad_norm=6.6869 lr=[9.841546696966001e-07, 9.841546696966001e-07, 4.920773348483001e-07, 4.920773348483001e-07, 9.841546696966002e-08, 9.841546696966002e-08]
2026-08-09 19:11:42,189 INFO epoch=1 step=200/1454 loss=1.829546 grad_norm=7.2750 lr=[9.813499741596999e-07, 9.813499741596999e-07, 4.906749870798499e-07, 4.906749870798499e-07, 9.813499741596998e-08, 9.813499741596998e-08]
2026-08-09 19:13:14,049 INFO dev metrics: {'samples': 128, 'empty_outputs': 0, 'average_words': 22.4765625, 'p95_words': 29, 'length_18_24_ratio': 0.59375, 'single_sentence_ratio': 1.0, 'subject_start_ratio': 1.0, 'dev_loss': 1.7405467598565485, 'global_step': 200}
2026-08-09 19:13:21,405 INFO epoch=1 step=210/1454 loss=1.558551 grad_norm=7.0939 lr=[9.783220635921007e-07, 9.783220635921007e-07, 4.891610317960504e-07, 4.891610317960504e-07, 9.783220635921007e-08, 9.783220635921007e-08]
2026-08-09 19:13:25,895 INFO epoch=1 step=220/1454 loss=1.853793 grad_norm=7.5264 lr=[9.750725048772868e-07, 9.750725048772868e-07, 4.875362524386434e-07, 4.875362524386434e-07, 9.750725048772869e-08, 9.750725048772869e-08]
2026-08-09 19:13:33,943 INFO epoch=1 step=230/1454 loss=1.789707 grad_norm=8.8277 lr=[9.716029795972493e-07, 9.716029795972493e-07, 4.858014897986247e-07, 4.858014897986247e-07, 9.716029795972492e-08, 9.716029795972492e-08]
2026-08-09 19:13:38,350 INFO epoch=1 step=240/1454 loss=1.743675 grad_norm=6.7418 lr=[9.679152831623001e-07, 9.679152831623001e-07, 4.839576415811501e-07, 4.839576415811501e-07, 9.679152831623002e-08, 9.679152831623002e-08]
2026-08-09 19:13:42,702 INFO epoch=1 step=250/1454 loss=1.710135 grad_norm=6.7049 lr=[9.640113238819848e-07, 9.640113238819848e-07, 4.820056619409924e-07, 4.820056619409924e-07, 9.640113238819848e-08, 9.640113238819848e-08]
2026-08-09 19:13:47,043 INFO epoch=1 step=260/1454 loss=1.836389 grad_norm=8.1956 lr=[9.598931219775684e-07, 9.598931219775684e-07, 4.799465609887842e-07, 4.799465609887842e-07, 9.598931219775684e-08, 9.598931219775684e-08]
2026-08-09 19:13:51,720 INFO epoch=1 step=270/1454 loss=1.561781 grad_norm=6.7581 lr=[9.555628085366123e-07, 9.555628085366123e-07, 4.777814042683061e-07, 4.777814042683061e-07, 9.555628085366123e-08, 9.555628085366123e-08]
2026-08-09 19:13:56,080 INFO epoch=1 step=280/1454 loss=1.758634 grad_norm=8.5213 lr=[9.510226244101784e-07, 9.510226244101784e-07, 4.755113122050892e-07, 4.755113122050892e-07, 9.510226244101784e-08, 9.510226244101784e-08]
2026-08-09 19:14:00,510 INFO epoch=1 step=290/1454 loss=1.789559 grad_norm=7.4760 lr=[9.462749190532333e-07, 9.462749190532333e-07, 4.7313745952661664e-07, 4.7313745952661664e-07, 9.462749190532333e-08, 9.462749190532333e-08]
2026-08-09 19:14:05,061 INFO epoch=1 step=300/1454 loss=1.800808 grad_norm=7.7987 lr=[9.413221493088524e-07, 9.413221493088524e-07, 4.706610746544262e-07, 4.706610746544262e-07, 9.413221493088525e-08, 9.413221493088525e-08]
2026-08-09 19:15:51,312 INFO dev metrics: {'samples': 128, 'empty_outputs': 0, 'average_words': 22.3359375, 'p95_words': 30, 'length_18_24_ratio': 0.5703125, 'single_sentence_ratio': 1.0, 'subject_start_ratio': 1.0, 'dev_loss': 1.6586345495472887, 'global_step': 300}
2026-08-09 19:16:01,507 INFO epoch=1 step=310/1454 loss=1.825758 grad_norm=8.5835 lr=[9.361668781368519e-07, 9.361668781368519e-07, 4.6808343906842594e-07, 4.6808343906842594e-07, 9.36166878136852e-08, 9.36166878136852e-08]
2026-08-09 19:16:05,887 INFO epoch=1 step=320/1454 loss=1.566123 grad_norm=7.5226 lr=[9.308117732875085e-07, 9.308117732875085e-07, 4.6540588664375424e-07, 4.6540588664375424e-07, 9.308117732875084e-08, 9.308117732875084e-08]
2026-08-09 19:16:12,979 INFO epoch=1 step=330/1454 loss=1.744160 grad_norm=7.8925 lr=[9.252596059210514e-07, 9.252596059210514e-07, 4.626298029605257e-07, 4.626298029605257e-07, 9.252596059210515e-08, 9.252596059210515e-08]
2026-08-09 19:16:17,549 INFO epoch=1 step=340/1454 loss=1.675387 grad_norm=8.9370 lr=[9.195132491736429e-07, 9.195132491736429e-07, 4.597566245868214e-07, 4.597566245868214e-07, 9.195132491736429e-08, 9.195132491736429e-08]
2026-08-09 19:16:24,295 INFO epoch=1 step=350/1454 loss=1.637913 grad_norm=10.8485 lr=[9.135756766705859e-07, 9.135756766705859e-07, 4.5678783833529296e-07, 4.5678783833529296e-07, 9.135756766705858e-08, 9.135756766705858e-08]
2026-08-09 19:16:30,956 INFO epoch=1 step=360/1454 loss=1.889603 grad_norm=7.7818 lr=[9.074499609875334e-07, 9.074499609875334e-07, 4.537249804937667e-07, 4.537249804937667e-07, 9.074499609875334e-08, 9.074499609875334e-08]
2026-08-09 19:16:35,431 INFO epoch=1 step=370/1454 loss=1.555496 grad_norm=9.0945 lr=[9.011392720604919e-07, 9.011392720604919e-07, 4.5056963603024595e-07, 4.5056963603024595e-07, 9.011392720604919e-08, 9.011392720604919e-08]
2026-08-09 19:16:39,994 INFO epoch=1 step=380/1454 loss=1.768213 grad_norm=6.5406 lr=[8.946468755454408e-07, 8.946468755454408e-07, 4.473234377727204e-07, 4.473234377727204e-07, 8.946468755454408e-08, 8.946468755454408e-08]
2026-08-09 19:16:44,550 INFO epoch=1 step=390/1454 loss=1.703362 grad_norm=7.2152 lr=[8.879761311284225e-07, 8.879761311284225e-07, 4.4398806556421126e-07, 4.4398806556421126e-07, 8.879761311284226e-08, 8.879761311284226e-08]
2026-08-09 19:16:48,994 INFO epoch=1 step=400/1454 loss=2.048611 grad_norm=7.9747 lr=[8.811304907869701e-07, 8.811304907869701e-07, 4.4056524539348507e-07, 4.4056524539348507e-07, 8.8113049078697e-08, 8.8113049078697e-08]
2026-08-09 19:18:28,423 INFO dev metrics: {'samples': 128, 'empty_outputs': 0, 'average_words': 22.6640625, 'p95_words': 30, 'length_18_24_ratio': 0.578125, 'single_sentence_ratio': 1.0, 'subject_start_ratio': 1.0, 'dev_loss': 1.614048933656351, 'global_step': 400}
2026-08-09 19:18:36,120 INFO epoch=1 step=410/1454 loss=1.624439 grad_norm=7.2799 lr=[8.741134970037789e-07, 8.741134970037789e-07, 4.3705674850188945e-07, 4.3705674850188945e-07, 8.741134970037788e-08, 8.741134970037788e-08]
2026-08-09 19:18:44,830 INFO epoch=1 step=420/1454 loss=1.470321 grad_norm=7.7954 lr=[8.669287809335412e-07, 8.669287809335412e-07, 4.334643904667706e-07, 4.334643904667706e-07, 8.669287809335411e-08, 8.669287809335411e-08]
2026-08-09 19:18:49,413 INFO epoch=1 step=430/1454 loss=1.508400 grad_norm=10.3659 lr=[8.595800605238962e-07, 8.595800605238962e-07, 4.297900302619481e-07, 4.297900302619481e-07, 8.595800605238963e-08, 8.595800605238963e-08]
2026-08-09 19:18:53,741 INFO epoch=1 step=440/1454 loss=1.990786 grad_norm=8.2376 lr=[8.520711385914665e-07, 8.520711385914665e-07, 4.2603556929573323e-07, 4.2603556929573323e-07, 8.520711385914665e-08, 8.520711385914665e-08]
2026-08-09 19:18:58,118 INFO epoch=1 step=450/1454 loss=1.515507 grad_norm=8.5041 lr=[8.444059008539757e-07, 8.444059008539757e-07, 4.2220295042698784e-07, 4.2220295042698784e-07, 8.444059008539757e-08, 8.444059008539757e-08]
2026-08-09 19:19:02,453 INFO epoch=1 step=460/1454 loss=1.766608 grad_norm=9.4982 lr=[8.365883139194669e-07, 8.365883139194669e-07, 4.1829415695973344e-07, 4.1829415695973344e-07, 8.36588313919467e-08, 8.36588313919467e-08]
2026-08-09 19:19:06,795 INFO epoch=1 step=470/1454 loss=1.758757 grad_norm=7.7194 lr=[8.28622423233662e-07, 8.28622423233662e-07, 4.14311211616831e-07, 4.14311211616831e-07, 8.28622423233662e-08, 8.28622423233662e-08]
2026-08-09 19:19:11,337 INFO epoch=1 step=480/1454 loss=1.724307 grad_norm=7.0350 lr=[8.205123509865238e-07, 8.205123509865238e-07, 4.102561754932619e-07, 4.102561754932619e-07, 8.205123509865238e-08, 8.205123509865238e-08]
2026-08-09 19:19:15,703 INFO epoch=1 step=490/1454 loss=1.674395 grad_norm=6.8684 lr=[8.122622939791049e-07, 8.122622939791049e-07, 4.0613114698955246e-07, 4.0613114698955246e-07, 8.12262293979105e-08, 8.12262293979105e-08]
2026-08-09 19:19:20,251 INFO epoch=1 step=500/1454 loss=1.836702 grad_norm=7.4996 lr=[8.038765214517868e-07, 8.038765214517868e-07, 4.019382607258934e-07, 4.019382607258934e-07, 8.038765214517868e-08, 8.038765214517868e-08]
2026-08-09 19:21:00,979 INFO dev metrics: {'samples': 128, 'empty_outputs': 0, 'average_words': 21.2890625, 'p95_words': 29, 'length_18_24_ratio': 0.6015625, 'single_sentence_ratio': 1.0, 'subject_start_ratio': 1.0, 'dev_loss': 1.584538142947199, 'global_step': 500}
2026-08-09 19:21:08,505 INFO epoch=1 step=510/1454 loss=1.643042 grad_norm=6.8852 lr=[7.953593728750325e-07, 7.953593728750325e-07, 3.9767968643751626e-07, 3.9767968643751626e-07, 7.953593728750325e-08, 7.953593728750325e-08]
2026-08-09 19:21:17,268 INFO epoch=1 step=520/1454 loss=1.474452 grad_norm=8.8209 lr=[7.86715255703797e-07, 7.86715255703797e-07, 3.933576278518985e-07, 3.933576278518985e-07, 7.867152557037971e-08, 7.867152557037971e-08]
2026-08-09 19:21:21,670 INFO epoch=1 step=530/1454 loss=1.780215 grad_norm=7.7224 lr=[7.779486430967576e-07, 7.779486430967576e-07, 3.889743215483788e-07, 3.889743215483788e-07, 7.779486430967576e-08, 7.779486430967576e-08]
2026-08-09 19:21:25,998 INFO epoch=1 step=540/1454 loss=1.524742 grad_norm=7.9400 lr=[7.690640716015422e-07, 7.690640716015422e-07, 3.845320358007711e-07, 3.845320358007711e-07, 7.690640716015422e-08, 7.690640716015422e-08]
2026-08-09 19:21:30,343 INFO epoch=1 step=550/1454 loss=1.486372 grad_norm=8.0539 lr=[7.600661388071575e-07, 7.600661388071575e-07, 3.8003306940357876e-07, 3.8003306940357876e-07, 7.600661388071575e-08, 7.600661388071575e-08]
2026-08-09 19:21:34,680 INFO epoch=1 step=560/1454 loss=1.729226 grad_norm=6.6803 lr=[7.509595009648266e-07, 7.509595009648266e-07, 3.754797504824133e-07, 3.754797504824133e-07, 7.509595009648265e-08, 7.509595009648265e-08]
2026-08-09 19:21:39,039 INFO epoch=1 step=570/1454 loss=1.619700 grad_norm=8.1630 lr=[7.41748870578473e-07, 7.41748870578473e-07, 3.708744352892365e-07, 3.708744352892365e-07, 7.41748870578473e-08, 7.41748870578473e-08]
2026-08-09 19:21:43,462 INFO epoch=1 step=580/1454 loss=1.934339 grad_norm=7.2094 lr=[7.324390139660924e-07, 7.324390139660924e-07, 3.662195069830462e-07, 3.662195069830462e-07, 7.324390139660923e-08, 7.324390139660923e-08]
2026-08-09 19:21:47,877 INFO epoch=1 step=590/1454 loss=1.489201 grad_norm=7.4732 lr=[7.230347487932793e-07, 7.230347487932793e-07, 3.6151737439663967e-07, 3.6151737439663967e-07, 7.230347487932793e-08, 7.230347487932793e-08]
2026-08-09 19:21:52,278 INFO epoch=1 step=600/1454 loss=1.504280 grad_norm=7.2920 lr=[7.135409415801797e-07, 7.135409415801797e-07, 3.5677047079008983e-07, 3.5677047079008983e-07, 7.135409415801797e-08, 7.135409415801797e-08]
2026-08-09 19:23:34,544 INFO dev metrics: {'samples': 128, 'empty_outputs': 0, 'average_words': 21.921875, 'p95_words': 30, 'length_18_24_ratio': 0.6015625, 'single_sentence_ratio': 1.0, 'subject_start_ratio': 1.0, 'dev_loss': 1.561129720391541, 'global_step': 600}
2026-08-09 19:23:41,986 INFO epoch=1 step=610/1454 loss=1.431721 grad_norm=7.1280 lr=[7.03962505183164e-07, 7.03962505183164e-07, 3.51981252591582e-07, 3.51981252591582e-07, 7.03962505183164e-08, 7.03962505183164e-08]
2026-08-09 19:23:47,191 INFO epoch=1 step=620/1454 loss=1.591977 grad_norm=7.2131 lr=[6.943043962525221e-07, 6.943043962525221e-07, 3.471521981262611e-07, 3.471521981262611e-07, 6.943043962525222e-08, 6.943043962525222e-08]
2026-08-09 19:23:54,536 INFO epoch=1 step=630/1454 loss=1.647719 grad_norm=7.5823 lr=[6.845716126674952e-07, 6.845716126674952e-07, 3.422858063337476e-07, 3.422858063337476e-07, 6.845716126674953e-08, 6.845716126674953e-08]
2026-08-09 19:23:58,947 INFO epoch=1 step=640/1454 loss=1.762312 grad_norm=7.1523 lr=[6.74769190949972e-07, 6.74769190949972e-07, 3.37384595474986e-07, 3.37384595474986e-07, 6.747691909499721e-08, 6.747691909499721e-08]
2026-08-09 19:24:03,900 INFO epoch=1 step=650/1454 loss=1.308639 grad_norm=8.7482 lr=[6.6490220365819e-07, 6.6490220365819e-07, 3.32451101829095e-07, 3.32451101829095e-07, 6.649022036581901e-08, 6.649022036581901e-08]
2026-08-09 19:24:08,432 INFO epoch=1 step=660/1454 loss=1.647443 grad_norm=7.3423 lr=[6.549757567617869e-07, 6.549757567617869e-07, 3.2748787838089347e-07, 3.2748787838089347e-07, 6.54975756761787e-08, 6.54975756761787e-08]
2026-08-09 19:24:12,783 INFO epoch=1 step=670/1454 loss=1.484547 grad_norm=7.4674 lr=[6.449949869995628e-07, 6.449949869995628e-07, 3.224974934997814e-07, 3.224974934997814e-07, 6.449949869995628e-08, 6.449949869995628e-08]
2026-08-09 19:24:17,147 INFO epoch=1 step=680/1454 loss=1.543569 grad_norm=7.9465 lr=[6.349650592213201e-07, 6.349650592213201e-07, 3.1748252961066006e-07, 3.1748252961066006e-07, 6.349650592213202e-08, 6.349650592213202e-08]
2026-08-09 19:24:21,497 INFO epoch=1 step=690/1454 loss=2.021172 grad_norm=10.6173 lr=[6.248911637151569e-07, 6.248911637151569e-07, 3.1244558185757843e-07, 3.1244558185757843e-07, 6.248911637151569e-08, 6.248911637151569e-08]
2026-08-09 19:24:25,854 INFO epoch=1 step=700/1454 loss=1.629887 grad_norm=7.5032 lr=[6.147785135215955e-07, 6.147785135215955e-07, 3.0738925676079774e-07, 3.0738925676079774e-07, 6.147785135215955e-08, 6.147785135215955e-08]
2026-08-09 19:26:07,702 INFO dev metrics: {'samples': 128, 'empty_outputs': 0, 'average_words': 21.59375, 'p95_words': 30, 'length_18_24_ratio': 0.59375, 'single_sentence_ratio': 1.0, 'subject_start_ratio': 1.0, 'dev_loss': 1.5459750893171165, 'global_step': 700}
2026-08-09 19:26:15,188 INFO epoch=1 step=710/1454 loss=1.703228 grad_norm=7.5212 lr=[6.046323417359383e-07, 6.046323417359383e-07, 3.0231617086796917e-07, 3.0231617086796917e-07, 6.046323417359384e-08, 6.046323417359384e-08]
2026-08-09 19:26:23,387 INFO epoch=1 step=720/1454 loss=1.687662 grad_norm=8.1371 lr=[5.944578988002446e-07, 5.944578988002446e-07, 2.972289494001223e-07, 2.972289494001223e-07, 5.9445789880024454e-08, 5.9445789880024454e-08]
2026-08-09 19:26:27,703 INFO epoch=1 step=730/1454 loss=1.794518 grad_norm=7.1465 lr=[5.842604497863313e-07, 5.842604497863313e-07, 2.9213022489316567e-07, 2.9213022489316567e-07, 5.842604497863314e-08, 5.842604497863314e-08]
2026-08-09 19:26:32,014 INFO epoch=1 step=740/1454 loss=1.697914 grad_norm=8.3566 lr=[5.740452716712036e-07, 5.740452716712036e-07, 2.870226358356018e-07, 2.870226358356018e-07, 5.7404527167120356e-08, 5.7404527167120356e-08]
2026-08-09 19:26:36,345 INFO epoch=1 step=750/1454 loss=1.964891 grad_norm=7.6056 lr=[5.638176506063232e-07, 5.638176506063232e-07, 2.819088253031616e-07, 2.819088253031616e-07, 5.638176506063232e-08, 5.638176506063232e-08]
2026-08-09 19:26:40,943 INFO epoch=1 step=760/1454 loss=1.350959 grad_norm=7.2159 lr=[5.535828791821313e-07, 5.535828791821313e-07, 2.7679143959106564e-07, 2.7679143959106564e-07, 5.535828791821313e-08, 5.535828791821313e-08]
2026-08-09 19:26:45,371 INFO epoch=1 step=770/1454 loss=1.718194 grad_norm=7.9258 lr=[5.433462536892374e-07, 5.433462536892374e-07, 2.716731268446187e-07, 2.716731268446187e-07, 5.433462536892374e-08, 5.433462536892374e-08]
2026-08-09 19:26:49,697 INFO epoch=1 step=780/1454 loss=1.508485 grad_norm=7.1602 lr=[5.331130713776953e-07, 5.331130713776953e-07, 2.6655653568884764e-07, 2.6655653568884764e-07, 5.331130713776952e-08, 5.331130713776952e-08]
2026-08-09 19:26:54,037 INFO epoch=1 step=790/1454 loss=1.733256 grad_norm=8.0277 lr=[5.228886277157802e-07, 5.228886277157802e-07, 2.614443138578901e-07, 2.614443138578901e-07, 5.228886277157801e-08, 5.228886277157801e-08]
2026-08-09 19:26:58,476 INFO epoch=1 step=800/1454 loss=1.815951 grad_norm=8.5871 lr=[5.126782136496901e-07, 5.126782136496901e-07, 2.5633910682484504e-07, 2.5633910682484504e-07, 5.126782136496901e-08, 5.126782136496901e-08]
2026-08-09 19:28:38,016 INFO dev metrics: {'samples': 128, 'empty_outputs': 0, 'average_words': 21.59375, 'p95_words': 30, 'length_18_24_ratio': 0.5625, 'single_sentence_ratio': 1.0, 'subject_start_ratio': 1.0, 'dev_loss': 1.5341300886296183, 'global_step': 800}
2026-08-09 19:28:45,899 INFO epoch=1 step=810/1454 loss=1.582952 grad_norm=8.2498 lr=[5.02487112865587e-07, 5.02487112865587e-07, 2.512435564327935e-07, 2.512435564327935e-07, 5.0248711286558697e-08, 5.0248711286558697e-08]
2026-08-09 19:28:50,212 INFO epoch=1 step=820/1454 loss=1.807801 grad_norm=6.0667 lr=[4.923205990553927e-07, 4.923205990553927e-07, 2.4616029952769634e-07, 2.4616029952769634e-07, 4.923205990553927e-08, 4.923205990553927e-08]
2026-08-09 19:28:58,170 INFO epoch=1 step=830/1454 loss=1.524802 grad_norm=7.7737 lr=[4.821839331877597e-07, 4.821839331877597e-07, 2.410919665938799e-07, 2.410919665938799e-07, 4.821839331877597e-08, 4.821839331877597e-08]
2026-08-09 19:29:02,675 INFO epoch=1 step=840/1454 loss=1.861235 grad_norm=9.1661 lr=[4.720823607856239e-07, 4.720823607856239e-07, 2.3604118039281196e-07, 2.3604118039281196e-07, 4.720823607856239e-08, 4.720823607856239e-08]
2026-08-09 19:29:07,002 INFO epoch=1 step=850/1454 loss=1.787548 grad_norm=7.3938 lr=[4.620211092117507e-07, 4.620211092117507e-07, 2.3101055460587536e-07, 2.3101055460587536e-07, 4.620211092117507e-08, 4.620211092117507e-08]
2026-08-09 19:29:11,361 INFO epoch=1 step=860/1454 loss=2.042608 grad_norm=8.2724 lr=[4.5200538496367925e-07, 4.5200538496367925e-07, 2.2600269248183963e-07, 2.2600269248183963e-07, 4.5200538496367925e-08, 4.5200538496367925e-08]
2026-08-09 19:29:15,929 INFO epoch=1 step=870/1454 loss=1.433015 grad_norm=9.1671 lr=[4.4204037097946324e-07, 4.4204037097946324e-07, 2.2102018548973162e-07, 2.2102018548973162e-07, 4.420403709794632e-08, 4.420403709794632e-08]
2026-08-09 19:29:20,439 INFO epoch=1 step=880/1454 loss=1.608065 grad_norm=10.4575 lr=[4.321312239556033e-07, 4.321312239556033e-07, 2.1606561197780164e-07, 2.1606561197780164e-07, 4.3213122395560334e-08, 4.3213122395560334e-08]
2026-08-09 19:29:24,931 INFO epoch=1 step=890/1454 loss=1.383407 grad_norm=6.3481 lr=[4.222830716785598e-07, 4.222830716785598e-07, 2.111415358392799e-07, 2.111415358392799e-07, 4.222830716785598e-08, 4.222830716785598e-08]
2026-08-09 19:29:29,340 INFO epoch=1 step=900/1454 loss=1.183165 grad_norm=8.2082 lr=[4.12501010371225e-07, 4.12501010371225e-07, 2.062505051856125e-07, 2.062505051856125e-07, 4.12501010371225e-08, 4.12501010371225e-08]
2026-08-09 19:31:10,164 INFO dev metrics: {'samples': 128, 'empty_outputs': 0, 'average_words': 21.4609375, 'p95_words': 29, 'length_18_24_ratio': 0.578125, 'single_sentence_ratio': 1.0, 'subject_start_ratio': 1.0, 'dev_loss': 1.5264869344078724, 'global_step': 900}
2026-08-09 19:31:17,796 INFO epoch=1 step=910/1454 loss=1.615191 grad_norm=7.8842 lr=[4.027901020557287e-07, 4.027901020557287e-07, 2.0139505102786435e-07, 2.0139505102786435e-07, 4.0279010205572874e-08, 4.0279010205572874e-08]
2026-08-09 19:31:25,231 INFO epoch=1 step=920/1454 loss=1.437459 grad_norm=7.2562 lr=[3.9315537193394356e-07, 3.9315537193394356e-07, 1.9657768596697178e-07, 1.9657768596697178e-07, 3.931553719339435e-08, 3.931553719339435e-08]
2026-08-09 19:31:29,591 INFO epoch=1 step=930/1454 loss=1.732364 grad_norm=7.7855 lr=[3.8360180578704195e-07, 3.8360180578704195e-07, 1.9180090289352097e-07, 1.9180090289352097e-07, 3.836018057870419e-08, 3.836018057870419e-08]
2026-08-09 19:31:34,198 INFO epoch=1 step=940/1454 loss=1.444755 grad_norm=6.7551 lr=[3.741343473954538e-07, 3.741343473954538e-07, 1.870671736977269e-07, 1.870671736977269e-07, 3.741343473954538e-08, 3.741343473954538e-08]
2026-08-09 19:31:38,555 INFO epoch=1 step=950/1454 loss=1.770800 grad_norm=7.1270 lr=[3.6475789598055883e-07, 3.6475789598055883e-07, 1.8237894799027941e-07, 1.8237894799027941e-07, 3.647578959805588e-08, 3.647578959805588e-08]
2026-08-09 19:31:42,922 INFO epoch=1 step=960/1454 loss=1.566983 grad_norm=8.6747 lr=[3.5547730366943673e-07, 3.5547730366943673e-07, 1.7773865183471836e-07, 1.7773865183471836e-07, 3.5547730366943674e-08, 3.5547730366943674e-08]
2026-08-09 19:31:47,950 INFO epoch=2 step=970/1454 loss=1.692034 grad_norm=7.7315 lr=[3.4629737298398766e-07, 3.4629737298398766e-07, 1.7314868649199383e-07, 1.7314868649199383e-07, 3.462973729839877e-08, 3.462973729839877e-08]
2026-08-09 19:31:52,267 INFO epoch=2 step=980/1454 loss=1.645108 grad_norm=6.9326 lr=[3.372228543557233e-07, 3.372228543557233e-07, 1.6861142717786166e-07, 1.6861142717786166e-07, 3.372228543557234e-08, 3.372228543557234e-08]
2026-08-09 19:31:56,821 INFO epoch=2 step=990/1454 loss=1.412688 grad_norm=8.1453 lr=[3.2825844366751275e-07, 3.2825844366751275e-07, 1.6412922183375638e-07, 1.6412922183375638e-07, 3.282584436675128e-08, 3.282584436675128e-08]
2026-08-09 19:32:01,523 INFO epoch=2 step=1000/1454 loss=1.634494 grad_norm=7.0454 lr=[3.1940877982355647e-07, 3.1940877982355647e-07, 1.5970438991177823e-07, 1.5970438991177823e-07, 3.1940877982355644e-08, 3.1940877982355644e-08]
2026-08-09 19:34:25,164 INFO dev metrics: {'samples': 128, 'empty_outputs': 0, 'average_words': 21.4375, 'p95_words': 30, 'length_18_24_ratio': 0.578125, 'single_sentence_ratio': 1.0, 'subject_start_ratio': 1.0, 'dev_loss': 1.5180724605282292, 'global_step': 1000}
2026-08-09 19:34:32,946 INFO epoch=2 step=1010/1454 loss=1.592996 grad_norm=7.6965 lr=[3.106784423488452e-07, 3.106784423488452e-07, 1.553392211744226e-07, 1.553392211744226e-07, 3.106784423488452e-08, 3.106784423488452e-08]
2026-08-09 19:34:37,253 INFO epoch=2 step=1020/1454 loss=1.573762 grad_norm=8.0700 lr=[3.020719490193481e-07, 3.020719490193481e-07, 1.5103597450967406e-07, 1.5103597450967406e-07, 3.020719490193481e-08, 3.020719490193481e-08]
2026-08-09 19:34:41,753 INFO epoch=2 step=1030/1454 loss=1.522765 grad_norm=7.0581 lr=[2.935937535241525e-07, 2.935937535241525e-07, 1.4679687676207625e-07, 1.4679687676207625e-07, 2.935937535241525e-08, 2.935937535241525e-08]
2026-08-09 19:34:46,371 INFO epoch=2 step=1040/1454 loss=1.784052 grad_norm=6.5810 lr=[2.852482431607689e-07, 2.852482431607689e-07, 1.4262412158038444e-07, 1.4262412158038444e-07, 2.852482431607689e-08, 2.852482431607689e-08]
2026-08-09 19:34:50,800 INFO epoch=2 step=1050/1454 loss=1.511084 grad_norm=6.9091 lr=[2.7703973656479135e-07, 2.7703973656479135e-07, 1.3851986828239567e-07, 1.3851986828239567e-07, 2.7703973656479134e-08, 2.7703973656479134e-08]
2026-08-09 19:34:55,151 INFO epoch=2 step=1060/1454 loss=1.701218 grad_norm=9.9950 lr=[2.6897248147508967e-07, 2.6897248147508967e-07, 1.3448624073754483e-07, 1.3448624073754483e-07, 2.6897248147508967e-08, 2.6897248147508967e-08]
2026-08-09 19:34:59,502 INFO epoch=2 step=1070/1454 loss=1.438197 grad_norm=7.3213 lr=[2.610506525356895e-07, 2.610506525356895e-07, 1.3052532626784474e-07, 1.3052532626784474e-07, 2.6105065253568946e-08, 2.6105065253568946e-08]
2026-08-09 19:35:03,962 INFO epoch=2 step=1080/1454 loss=1.913806 grad_norm=6.9948 lr=[2.532783491354764e-07, 2.532783491354764e-07, 1.266391745677382e-07, 1.266391745677382e-07, 2.5327834913547642e-08, 2.5327834913547642e-08]
2026-08-09 19:35:08,290 INFO epoch=2 step=1090/1454 loss=1.441933 grad_norm=14.5176 lr=[2.456595932868443e-07, 2.456595932868443e-07, 1.2282979664342216e-07, 1.2282979664342216e-07, 2.4565959328684428e-08, 2.4565959328684428e-08]
2026-08-09 19:35:12,639 INFO epoch=2 step=1100/1454 loss=1.896625 grad_norm=7.9681 lr=[2.3819832754438315e-07, 2.3819832754438315e-07, 1.1909916377219157e-07, 1.1909916377219157e-07, 2.3819832754438317e-08, 2.3819832754438317e-08]
2026-08-09 19:38:26,293 INFO dev metrics: {'samples': 128, 'empty_outputs': 0, 'average_words': 21.5703125, 'p95_words': 30, 'length_18_24_ratio': 0.5546875, 'single_sentence_ratio': 1.0, 'subject_start_ratio': 1.0, 'dev_loss': 1.5128956264385967, 'global_step': 1100}
2026-08-09 19:38:33,882 INFO epoch=2 step=1110/1454 loss=1.421882 grad_norm=7.7426 lr=[2.3089841296468637e-07, 2.3089841296468637e-07, 1.1544920648234319e-07, 1.1544920648234319e-07, 2.3089841296468638e-08, 2.3089841296468638e-08]
2026-08-09 19:38:38,221 INFO epoch=2 step=1120/1454 loss=1.623819 grad_norm=7.5473 lr=[2.2376362710833053e-07, 2.2376362710833053e-07, 1.1188181355416526e-07, 1.1188181355416526e-07, 2.237636271083305e-08, 2.237636271083305e-08]
2026-08-09 19:38:42,697 INFO epoch=2 step=1130/1454 loss=1.371097 grad_norm=10.0885 lr=[2.1679766208506233e-07, 2.1679766208506233e-07, 1.0839883104253116e-07, 1.0839883104253116e-07, 2.1679766208506234e-08, 2.1679766208506234e-08]
2026-08-09 19:38:47,178 INFO epoch=2 step=1140/1454 loss=1.477255 grad_norm=6.9337 lr=[2.100041226432061e-07, 2.100041226432061e-07, 1.0500206132160304e-07, 1.0500206132160304e-07, 2.1000412264320607e-08, 2.1000412264320607e-08]
2026-08-09 19:38:51,756 INFO epoch=2 step=1150/1454 loss=1.603801 grad_norm=10.2323 lr=[2.0338652430427773e-07, 2.0338652430427773e-07, 1.0169326215213886e-07, 1.0169326215213886e-07, 2.0338652430427772e-08, 2.0338652430427772e-08]
2026-08-09 19:38:56,109 INFO epoch=2 step=1160/1454 loss=1.884984 grad_norm=7.4955 lr=[1.9694829154377257e-07, 1.9694829154377257e-07, 9.847414577188628e-08, 9.847414577188628e-08, 1.9694829154377257e-08, 1.9694829154377257e-08]
2026-08-09 19:39:00,441 INFO epoch=2 step=1170/1454 loss=1.664407 grad_norm=7.4408 lr=[1.9069275601906715e-07, 1.9069275601906715e-07, 9.534637800953357e-08, 9.534637800953357e-08, 1.9069275601906716e-08, 1.9069275601906716e-08]
2026-08-09 19:39:04,786 INFO epoch=2 step=1180/1454 loss=1.417049 grad_norm=21.1877 lr=[1.8462315484535286e-07, 1.8462315484535286e-07, 9.231157742267643e-08, 9.231157742267643e-08, 1.8462315484535286e-08, 1.8462315484535286e-08]
2026-08-09 19:39:09,257 INFO epoch=2 step=1190/1454 loss=1.450844 grad_norm=8.4988 lr=[1.787426289204933e-07, 1.787426289204933e-07, 8.937131446024666e-08, 8.937131446024666e-08, 1.787426289204933e-08, 1.787426289204933e-08]
2026-08-09 19:39:13,945 INFO epoch=2 step=1200/1454 loss=1.687789 grad_norm=8.1049 lr=[1.7305422129967225e-07, 1.7305422129967225e-07, 8.652711064983613e-08, 8.652711064983613e-08, 1.7305422129967227e-08, 1.7305422129967227e-08]
2026-08-09 19:44:07,952 INFO dev metrics: {'samples': 128, 'empty_outputs': 0, 'average_words': 21.5, 'p95_words': 29, 'length_18_24_ratio': 0.5859375, 'single_sentence_ratio': 1.0, 'subject_start_ratio': 1.0, 'dev_loss': 1.5090588325105387, 'global_step': 1200}
2026-08-09 19:44:15,472 INFO epoch=2 step=1210/1454 loss=1.711273 grad_norm=7.2528 lr=[1.6756087562067292e-07, 1.6756087562067292e-07, 8.378043781033646e-08, 8.378043781033646e-08, 1.6756087562067293e-08, 1.6756087562067293e-08]
2026-08-09 19:44:20,043 INFO epoch=2 step=1220/1454 loss=1.579197 grad_norm=8.0641 lr=[1.6226543458060389e-07, 1.6226543458060389e-07, 8.113271729030194e-08, 8.113271729030194e-08, 1.6226543458060387e-08, 1.6226543458060387e-08]
2026-08-09 19:44:24,505 INFO epoch=2 step=1230/1454 loss=1.681068 grad_norm=9.9467 lr=[1.571706384648601e-07, 1.571706384648601e-07, 7.858531923243005e-08, 7.858531923243005e-08, 1.571706384648601e-08, 1.571706384648601e-08]
2026-08-09 19:44:29,076 INFO epoch=2 step=1240/1454 loss=1.462869 grad_norm=7.3816 lr=[1.5227912372907975e-07, 1.5227912372907975e-07, 7.613956186453988e-08, 7.613956186453988e-08, 1.5227912372907976e-08, 1.5227912372907976e-08]
2026-08-09 19:44:33,664 INFO epoch=2 step=1250/1454 loss=1.754623 grad_norm=8.1030 lr=[1.475934216348308e-07, 1.475934216348308e-07, 7.37967108174154e-08, 7.37967108174154e-08, 1.475934216348308e-08, 1.475934216348308e-08]
2026-08-09 19:44:38,151 INFO epoch=2 step=1260/1454 loss=1.421139 grad_norm=8.3954 lr=[1.431159569397334e-07, 1.431159569397334e-07, 7.15579784698667e-08, 7.15579784698667e-08, 1.4311595693973339e-08, 1.4311595693973339e-08]
2026-08-09 19:44:42,928 INFO epoch=2 step=1270/1454 loss=1.665507 grad_norm=8.4010 lr=[1.388490466426961e-07, 1.388490466426961e-07, 6.942452332134805e-08, 6.942452332134805e-08, 1.3884904664269612e-08, 1.3884904664269612e-08]
2026-08-09 19:44:47,367 INFO epoch=2 step=1280/1454 loss=1.427725 grad_norm=6.8685 lr=[1.3479489878491527e-07, 1.3479489878491527e-07, 6.739744939245763e-08, 6.739744939245763e-08, 1.3479489878491526e-08, 1.3479489878491526e-08]
2026-08-09 19:44:51,790 INFO epoch=2 step=1290/1454 loss=1.771693 grad_norm=7.6170 lr=[1.3095561130725733e-07, 1.3095561130725733e-07, 6.547780565362866e-08, 6.547780565362866e-08, 1.3095561130725732e-08, 1.3095561130725732e-08]
2026-08-09 19:44:56,161 INFO epoch=2 step=1300/1454 loss=1.548842 grad_norm=9.0493 lr=[1.2733317096461626e-07, 1.2733317096461626e-07, 6.366658548230813e-08, 6.366658548230813e-08, 1.2733317096461627e-08, 1.2733317096461627e-08]
2026-08-09 19:46:40,028 INFO dev metrics: {'samples': 128, 'empty_outputs': 0, 'average_words': 21.7109375, 'p95_words': 30, 'length_18_24_ratio': 0.5703125, 'single_sentence_ratio': 1.0, 'subject_start_ratio': 1.0, 'dev_loss': 1.5070951715484673, 'global_step': 1300}
2026-08-09 19:46:47,610 INFO epoch=2 step=1310/1454 loss=1.442388 grad_norm=7.7712 lr=[1.239294522978075e-07, 1.239294522978075e-07, 6.196472614890374e-08, 6.196472614890374e-08, 1.2392945229780748e-08, 1.2392945229780748e-08]
2026-08-09 19:46:52,025 INFO epoch=2 step=1320/1454 loss=1.554080 grad_norm=7.0795 lr=[1.2074621666353012e-07, 1.2074621666353012e-07, 6.037310833176506e-08, 6.037310833176506e-08, 1.2074621666353013e-08, 1.2074621666353013e-08]
2026-08-09 19:46:56,578 INFO epoch=2 step=1330/1454 loss=1.542195 grad_norm=9.2101 lr=[1.1778511132290031e-07, 1.1778511132290031e-07, 5.8892555661450156e-08, 5.8892555661450156e-08, 1.1778511132290031e-08, 1.1778511132290031e-08]
2026-08-09 19:47:01,031 INFO epoch=2 step=1340/1454 loss=1.374216 grad_norm=7.3691 lr=[1.1504766858902596e-07, 1.1504766858902596e-07, 5.752383429451298e-08, 5.752383429451298e-08, 1.1504766858902595e-08, 1.1504766858902595e-08]
2026-08-09 19:47:05,447 INFO epoch=2 step=1350/1454 loss=1.613132 grad_norm=7.9361 lr=[1.1253530503406534e-07, 1.1253530503406534e-07, 5.626765251703267e-08, 5.626765251703267e-08, 1.1253530503406535e-08, 1.1253530503406535e-08]
2026-08-09 19:47:09,818 INFO epoch=2 step=1360/1454 loss=1.555038 grad_norm=7.1318 lr=[1.1024932075617921e-07, 1.1024932075617921e-07, 5.5124660378089603e-08, 5.5124660378089603e-08, 1.1024932075617921e-08, 1.1024932075617921e-08]
2026-08-09 19:47:14,191 INFO epoch=2 step=1370/1454 loss=1.749920 grad_norm=7.8775 lr=[1.0819089870675587e-07, 1.0819089870675587e-07, 5.4095449353377933e-08, 5.4095449353377933e-08, 1.0819089870675587e-08, 1.0819089870675587e-08]
2026-08-09 19:47:18,544 INFO epoch=2 step=1380/1454 loss=1.480716 grad_norm=8.1982 lr=[1.0636110407825732e-07, 1.0636110407825732e-07, 5.318055203912866e-08, 5.318055203912866e-08, 1.0636110407825733e-08, 1.0636110407825733e-08]
2026-08-09 19:47:22,893 INFO epoch=2 step=1390/1454 loss=1.673761 grad_norm=7.8737 lr=[1.047608837530033e-07, 1.047608837530033e-07, 5.238044187650165e-08, 5.238044187650165e-08, 1.047608837530033e-08, 1.047608837530033e-08]
2026-08-09 19:47:27,245 INFO epoch=2 step=1400/1454 loss=1.306939 grad_norm=8.3495 lr=[1.0339106581317863e-07, 1.0339106581317863e-07, 5.1695532906589314e-08, 5.1695532906589314e-08, 1.0339106581317863e-08, 1.0339106581317863e-08]
2026-08-09 19:49:10,931 INFO dev metrics: {'samples': 128, 'empty_outputs': 0, 'average_words': 21.6640625, 'p95_words': 30, 'length_18_24_ratio': 0.5625, 'single_sentence_ratio': 1.0, 'subject_start_ratio': 1.0, 'dev_loss': 1.5047782678182307, 'global_step': 1400}
2026-08-09 19:49:18,501 INFO epoch=2 step=1410/1454 loss=1.795165 grad_norm=7.8883 lr=[1.0225235911231715e-07, 1.0225235911231715e-07, 5.1126179556158576e-08, 5.1126179556158576e-08, 1.0225235911231714e-08, 1.0225235911231714e-08]
2026-08-09 19:49:23,006 INFO epoch=2 step=1420/1454 loss=1.526432 grad_norm=8.7051 lr=[1.01345352908484e-07, 1.01345352908484e-07, 5.0672676454242e-08, 5.0672676454242e-08, 1.01345352908484e-08, 1.01345352908484e-08]
2026-08-09 19:49:27,333 INFO epoch=2 step=1430/1454 loss=1.390004 grad_norm=8.8451 lr=[1.0067051655934645e-07, 1.0067051655934645e-07, 5.033525827967322e-08, 5.033525827967322e-08, 1.0067051655934645e-08, 1.0067051655934645e-08]
2026-08-09 19:49:31,871 INFO epoch=2 step=1440/1454 loss=1.503521 grad_norm=7.1034 lr=[1.0022819927929052e-07, 1.0022819927929052e-07, 5.011409963964526e-08, 5.011409963964526e-08, 1.0022819927929052e-08, 1.0022819927929052e-08]
2026-08-09 19:49:36,301 INFO epoch=2 step=1450/1454 loss=1.845925 grad_norm=7.7746 lr=[1.0001862995870956e-07, 1.0001862995870956e-07, 5.000931497935478e-08, 5.000931497935478e-08, 1.0001862995870956e-08, 1.0001862995870956e-08]
2026-08-09 19:49:40,899 INFO training stopped at optimizer step 1454
