2026-08-07 09:33:30,246 WARNING Missing checkpoint keys after tied-weight load: ['language_model.model.encoder.embed_tokens.weight', 'language_model.model.decoder.embed_tokens.weight', 'language_model.lm_head.weight']
2026-08-07 09:33:30,614 INFO parameter groups: {'vision': {'tensors': 400, 'parameters': 90368000}, 'projection': {'tensors': 5, 'parameters': 839168}, 'language': {'tensors': 259, 'parameters': 140206848}}
2026-08-07 09:33:39,510 INFO epoch=1 step=1/1454 loss=4.095285 grad_norm=32.1573 lr=[1.36986301369863e-08, 1.36986301369863e-08, 6.84931506849315e-09, 6.84931506849315e-09, 1.36986301369863e-09, 1.36986301369863e-09]
2026-08-07 09:33:45,973 INFO epoch=1 step=10/1454 loss=3.482685 grad_norm=22.0020 lr=[1.36986301369863e-07, 1.36986301369863e-07, 6.84931506849315e-08, 6.84931506849315e-08, 1.36986301369863e-08, 1.36986301369863e-08]
2026-08-07 09:33:50,589 INFO epoch=1 step=20/1454 loss=3.529152 grad_norm=24.6690 lr=[2.73972602739726e-07, 2.73972602739726e-07, 1.36986301369863e-07, 1.36986301369863e-07, 2.73972602739726e-08, 2.73972602739726e-08]
2026-08-07 09:33:55,518 INFO epoch=1 step=30/1454 loss=3.546654 grad_norm=27.1364 lr=[4.10958904109589e-07, 4.10958904109589e-07, 2.054794520547945e-07, 2.054794520547945e-07, 4.10958904109589e-08, 4.10958904109589e-08]
2026-08-07 09:34:00,138 INFO epoch=1 step=40/1454 loss=3.226233 grad_norm=21.6785 lr=[5.47945205479452e-07, 5.47945205479452e-07, 2.73972602739726e-07, 2.73972602739726e-07, 5.47945205479452e-08, 5.47945205479452e-08]
2026-08-07 09:34:04,894 INFO epoch=1 step=50/1454 loss=3.230071 grad_norm=18.5578 lr=[6.84931506849315e-07, 6.84931506849315e-07, 3.424657534246575e-07, 3.424657534246575e-07, 6.84931506849315e-08, 6.84931506849315e-08]
2026-08-07 09:34:10,007 INFO epoch=1 step=60/1454 loss=3.092104 grad_norm=16.9824 lr=[8.21917808219178e-07, 8.21917808219178e-07, 4.10958904109589e-07, 4.10958904109589e-07, 8.21917808219178e-08, 8.21917808219178e-08]
2026-08-07 09:34:14,589 INFO epoch=1 step=70/1454 loss=2.764189 grad_norm=14.6804 lr=[9.58904109589041e-07, 9.58904109589041e-07, 4.794520547945205e-07, 4.794520547945205e-07, 9.58904109589041e-08, 9.58904109589041e-08]
2026-08-07 09:34:19,289 INFO epoch=1 step=80/1454 loss=2.501827 grad_norm=11.1260 lr=[9.999429465634055e-07, 9.999429465634055e-07, 4.999714732817028e-07, 4.999714732817028e-07, 9.999429465634055e-08, 9.999429465634055e-08]
2026-08-07 09:34:23,815 INFO epoch=1 step=90/1454 loss=2.191269 grad_norm=9.4571 lr=[9.99663535986176e-07, 9.99663535986176e-07, 4.99831767993088e-07, 4.99831767993088e-07, 9.99663535986176e-08, 9.99663535986176e-08]
2026-08-07 09:34:29,366 INFO epoch=1 step=100/1454 loss=2.054602 grad_norm=9.1122 lr=[9.991514334743181e-07, 9.991514334743181e-07, 4.995757167371591e-07, 4.995757167371591e-07, 9.991514334743181e-08, 9.991514334743181e-08]
2026-08-07 09:36:37,163 INFO dev metrics: {'samples': 128, 'empty_outputs': 0, 'average_words': 19.203125, 'p95_words': 26, 'length_18_24_ratio': 0.5234375, 'single_sentence_ratio': 0.984375, 'subject_start_ratio': 0.984375, 'dev_loss': 2.0404589525268113, 'global_step': 100}
2026-08-07 09:36:45,262 INFO epoch=1 step=110/1454 loss=2.527929 grad_norm=7.8605 lr=[9.98406904030694e-07, 9.98406904030694e-07, 4.99203452015347e-07, 4.99203452015347e-07, 9.98406904030694e-08, 9.98406904030694e-08]
2026-08-07 09:36:55,816 INFO epoch=1 step=120/1454 loss=2.246101 grad_norm=7.2687 lr=[9.9743033293448e-07, 9.9743033293448e-07, 4.9871516646724e-07, 4.9871516646724e-07, 9.974303329344801e-08, 9.974303329344801e-08]
2026-08-07 09:37:00,874 INFO epoch=1 step=130/1454 loss=1.649443 grad_norm=7.2892 lr=[9.962222255417912e-07, 9.962222255417912e-07, 4.981111127708956e-07, 4.981111127708956e-07, 9.962222255417912e-08, 9.962222255417912e-08]
2026-08-07 09:37:05,688 INFO epoch=1 step=140/1454 loss=1.783379 grad_norm=8.0096 lr=[9.9478320702417e-07, 9.9478320702417e-07, 4.97391603512085e-07, 4.97391603512085e-07, 9.9478320702417e-08, 9.9478320702417e-08]
2026-08-07 09:37:10,545 INFO epoch=1 step=150/1454 loss=1.980094 grad_norm=8.9326 lr=[9.931140220450729e-07, 9.931140220450729e-07, 4.965570110225364e-07, 4.965570110225364e-07, 9.931140220450727e-08, 9.931140220450727e-08]
2026-08-07 09:37:15,157 INFO epoch=1 step=160/1454 loss=2.235890 grad_norm=7.4271 lr=[9.912155343745209e-07, 9.912155343745209e-07, 4.956077671872604e-07, 4.956077671872604e-07, 9.912155343745208e-08, 9.912155343745208e-08]
2026-08-07 09:37:19,671 INFO epoch=1 step=170/1454 loss=1.778402 grad_norm=7.5750 lr=[9.890887264421166e-07, 9.890887264421166e-07, 4.945443632210583e-07, 4.945443632210583e-07, 9.890887264421168e-08, 9.890887264421168e-08]
2026-08-07 09:37:24,265 INFO epoch=1 step=180/1454 loss=1.860000 grad_norm=6.7107 lr=[9.86734698828656e-07, 9.86734698828656e-07, 4.93367349414328e-07, 4.93367349414328e-07, 9.867346988286561e-08, 9.867346988286561e-08]
2026-08-07 09:37:28,879 INFO epoch=1 step=190/1454 loss=1.773664 grad_norm=7.3436 lr=[9.841546696966001e-07, 9.841546696966001e-07, 4.920773348483001e-07, 4.920773348483001e-07, 9.841546696966002e-08, 9.841546696966002e-08]
2026-08-07 09:37:33,286 INFO epoch=1 step=200/1454 loss=1.564939 grad_norm=9.8382 lr=[9.813499741596999e-07, 9.813499741596999e-07, 4.906749870798499e-07, 4.906749870798499e-07, 9.813499741596998e-08, 9.813499741596998e-08]
2026-08-07 09:39:16,174 INFO dev metrics: {'samples': 128, 'empty_outputs': 0, 'average_words': 21.828125, 'p95_words': 28, 'length_18_24_ratio': 0.6640625, 'single_sentence_ratio': 1.0, 'subject_start_ratio': 1.0, 'dev_loss': 1.7410425379203847, 'global_step': 200}
2026-08-07 09:39:23,962 INFO epoch=1 step=210/1454 loss=1.620973 grad_norm=7.3449 lr=[9.783220635921007e-07, 9.783220635921007e-07, 4.891610317960504e-07, 4.891610317960504e-07, 9.783220635921007e-08, 9.783220635921007e-08]
2026-08-07 09:39:32,758 INFO epoch=1 step=220/1454 loss=1.632550 grad_norm=8.3553 lr=[9.750725048772868e-07, 9.750725048772868e-07, 4.875362524386434e-07, 4.875362524386434e-07, 9.750725048772869e-08, 9.750725048772869e-08]
2026-08-07 09:39:37,350 INFO epoch=1 step=230/1454 loss=1.585379 grad_norm=7.0118 lr=[9.716029795972493e-07, 9.716029795972493e-07, 4.858014897986247e-07, 4.858014897986247e-07, 9.716029795972492e-08, 9.716029795972492e-08]
2026-08-07 09:39:42,055 INFO epoch=1 step=240/1454 loss=1.893412 grad_norm=7.1001 lr=[9.679152831623001e-07, 9.679152831623001e-07, 4.839576415811501e-07, 4.839576415811501e-07, 9.679152831623002e-08, 9.679152831623002e-08]
2026-08-07 09:39:46,814 INFO epoch=1 step=250/1454 loss=1.510467 grad_norm=6.1963 lr=[9.640113238819848e-07, 9.640113238819848e-07, 4.820056619409924e-07, 4.820056619409924e-07, 9.640113238819848e-08, 9.640113238819848e-08]
2026-08-07 09:39:51,203 INFO epoch=1 step=260/1454 loss=1.614036 grad_norm=7.8110 lr=[9.598931219775684e-07, 9.598931219775684e-07, 4.799465609887842e-07, 4.799465609887842e-07, 9.598931219775684e-08, 9.598931219775684e-08]
2026-08-07 09:39:55,526 INFO epoch=1 step=270/1454 loss=1.552556 grad_norm=7.6469 lr=[9.555628085366123e-07, 9.555628085366123e-07, 4.777814042683061e-07, 4.777814042683061e-07, 9.555628085366123e-08, 9.555628085366123e-08]
2026-08-07 09:40:00,236 INFO epoch=1 step=280/1454 loss=1.601629 grad_norm=7.2369 lr=[9.510226244101784e-07, 9.510226244101784e-07, 4.755113122050892e-07, 4.755113122050892e-07, 9.510226244101784e-08, 9.510226244101784e-08]
2026-08-07 09:40:04,575 INFO epoch=1 step=290/1454 loss=1.901535 grad_norm=6.4230 lr=[9.462749190532333e-07, 9.462749190532333e-07, 4.7313745952661664e-07, 4.7313745952661664e-07, 9.462749190532333e-08, 9.462749190532333e-08]
2026-08-07 09:40:08,874 INFO epoch=1 step=300/1454 loss=1.831136 grad_norm=8.2138 lr=[9.413221493088524e-07, 9.413221493088524e-07, 4.706610746544262e-07, 4.706610746544262e-07, 9.413221493088525e-08, 9.413221493088525e-08]
2026-08-07 09:41:56,129 INFO dev metrics: {'samples': 128, 'empty_outputs': 0, 'average_words': 21.6875, 'p95_words': 29, 'length_18_24_ratio': 0.6328125, 'single_sentence_ratio': 1.0, 'subject_start_ratio': 1.0, 'dev_loss': 1.6566691759644803, 'global_step': 300}
2026-08-07 09:42:03,842 INFO epoch=1 step=310/1454 loss=1.650703 grad_norm=8.3283 lr=[9.361668781368519e-07, 9.361668781368519e-07, 4.6808343906842594e-07, 4.6808343906842594e-07, 9.36166878136852e-08, 9.36166878136852e-08]
2026-08-07 09:42:12,716 INFO epoch=1 step=320/1454 loss=1.680499 grad_norm=7.9747 lr=[9.308117732875085e-07, 9.308117732875085e-07, 4.6540588664375424e-07, 4.6540588664375424e-07, 9.308117732875084e-08, 9.308117732875084e-08]
2026-08-07 09:42:17,726 INFO epoch=1 step=330/1454 loss=1.952622 grad_norm=7.6013 lr=[9.252596059210514e-07, 9.252596059210514e-07, 4.626298029605257e-07, 4.626298029605257e-07, 9.252596059210515e-08, 9.252596059210515e-08]
2026-08-07 09:42:22,594 INFO epoch=1 step=340/1454 loss=1.720387 grad_norm=11.7013 lr=[9.195132491736429e-07, 9.195132491736429e-07, 4.597566245868214e-07, 4.597566245868214e-07, 9.195132491736429e-08, 9.195132491736429e-08]
2026-08-07 09:42:27,152 INFO epoch=1 step=350/1454 loss=1.587761 grad_norm=7.2914 lr=[9.135756766705859e-07, 9.135756766705859e-07, 4.5678783833529296e-07, 4.5678783833529296e-07, 9.135756766705858e-08, 9.135756766705858e-08]
2026-08-07 09:42:32,302 INFO epoch=1 step=360/1454 loss=1.773659 grad_norm=7.0358 lr=[9.074499609875334e-07, 9.074499609875334e-07, 4.537249804937667e-07, 4.537249804937667e-07, 9.074499609875334e-08, 9.074499609875334e-08]
2026-08-07 09:42:36,982 INFO epoch=1 step=370/1454 loss=1.267054 grad_norm=7.2673 lr=[9.011392720604919e-07, 9.011392720604919e-07, 4.5056963603024595e-07, 4.5056963603024595e-07, 9.011392720604919e-08, 9.011392720604919e-08]
2026-08-07 09:42:41,607 INFO epoch=1 step=380/1454 loss=1.944312 grad_norm=7.5054 lr=[8.946468755454408e-07, 8.946468755454408e-07, 4.473234377727204e-07, 4.473234377727204e-07, 8.946468755454408e-08, 8.946468755454408e-08]
2026-08-07 09:42:46,509 INFO epoch=1 step=390/1454 loss=1.914456 grad_norm=7.4781 lr=[8.879761311284225e-07, 8.879761311284225e-07, 4.4398806556421126e-07, 4.4398806556421126e-07, 8.879761311284226e-08, 8.879761311284226e-08]
2026-08-07 09:42:51,273 INFO epoch=1 step=400/1454 loss=1.450853 grad_norm=6.5328 lr=[8.811304907869701e-07, 8.811304907869701e-07, 4.4056524539348507e-07, 4.4056524539348507e-07, 8.8113049078697e-08, 8.8113049078697e-08]
2026-08-07 09:45:03,461 INFO dev metrics: {'samples': 128, 'empty_outputs': 0, 'average_words': 21.625, 'p95_words': 29, 'length_18_24_ratio': 0.5703125, 'single_sentence_ratio': 1.0, 'subject_start_ratio': 1.0, 'dev_loss': 1.6128327245845882, 'global_step': 400}
2026-08-07 09:45:11,687 INFO epoch=1 step=410/1454 loss=1.716659 grad_norm=6.2053 lr=[8.741134970037789e-07, 8.741134970037789e-07, 4.3705674850188945e-07, 4.3705674850188945e-07, 8.741134970037788e-08, 8.741134970037788e-08]
2026-08-07 09:45:19,800 INFO epoch=1 step=420/1454 loss=1.456024 grad_norm=8.0891 lr=[8.669287809335412e-07, 8.669287809335412e-07, 4.334643904667706e-07, 4.334643904667706e-07, 8.669287809335411e-08, 8.669287809335411e-08]
2026-08-07 09:45:24,182 INFO epoch=1 step=430/1454 loss=1.599431 grad_norm=8.5856 lr=[8.595800605238962e-07, 8.595800605238962e-07, 4.297900302619481e-07, 4.297900302619481e-07, 8.595800605238963e-08, 8.595800605238963e-08]
2026-08-07 09:45:28,578 INFO epoch=1 step=440/1454 loss=1.672071 grad_norm=7.7338 lr=[8.520711385914665e-07, 8.520711385914665e-07, 4.2603556929573323e-07, 4.2603556929573323e-07, 8.520711385914665e-08, 8.520711385914665e-08]
2026-08-07 09:45:33,324 INFO epoch=1 step=450/1454 loss=1.617324 grad_norm=8.2119 lr=[8.444059008539757e-07, 8.444059008539757e-07, 4.2220295042698784e-07, 4.2220295042698784e-07, 8.444059008539757e-08, 8.444059008539757e-08]
2026-08-07 09:45:37,687 INFO epoch=1 step=460/1454 loss=1.681217 grad_norm=7.8749 lr=[8.365883139194669e-07, 8.365883139194669e-07, 4.1829415695973344e-07, 4.1829415695973344e-07, 8.36588313919467e-08, 8.36588313919467e-08]
2026-08-07 09:45:42,030 INFO epoch=1 step=470/1454 loss=1.774849 grad_norm=6.9114 lr=[8.28622423233662e-07, 8.28622423233662e-07, 4.14311211616831e-07, 4.14311211616831e-07, 8.28622423233662e-08, 8.28622423233662e-08]
2026-08-07 09:45:46,561 INFO epoch=1 step=480/1454 loss=1.696184 grad_norm=7.1480 lr=[8.205123509865238e-07, 8.205123509865238e-07, 4.102561754932619e-07, 4.102561754932619e-07, 8.205123509865238e-08, 8.205123509865238e-08]
2026-08-07 09:45:50,987 INFO epoch=1 step=490/1454 loss=1.393142 grad_norm=7.6086 lr=[8.122622939791049e-07, 8.122622939791049e-07, 4.0613114698955246e-07, 4.0613114698955246e-07, 8.12262293979105e-08, 8.12262293979105e-08]
2026-08-07 09:45:55,313 INFO epoch=1 step=500/1454 loss=1.684992 grad_norm=8.6999 lr=[8.038765214517868e-07, 8.038765214517868e-07, 4.019382607258934e-07, 4.019382607258934e-07, 8.038765214517868e-08, 8.038765214517868e-08]
2026-08-07 09:47:43,239 INFO dev metrics: {'samples': 128, 'empty_outputs': 0, 'average_words': 22.140625, 'p95_words': 30, 'length_18_24_ratio': 0.5859375, 'single_sentence_ratio': 1.0, 'subject_start_ratio': 1.0, 'dev_loss': 1.5827783456997817, 'global_step': 500}
2026-08-07 09:47:54,921 INFO epoch=1 step=510/1454 loss=1.794408 grad_norm=8.5266 lr=[7.953593728750325e-07, 7.953593728750325e-07, 3.9767968643751626e-07, 3.9767968643751626e-07, 7.953593728750325e-08, 7.953593728750325e-08]
2026-08-07 09:48:04,012 INFO epoch=1 step=520/1454 loss=1.448499 grad_norm=8.1291 lr=[7.86715255703797e-07, 7.86715255703797e-07, 3.933576278518985e-07, 3.933576278518985e-07, 7.867152557037971e-08, 7.867152557037971e-08]
2026-08-07 09:48:08,518 INFO epoch=1 step=530/1454 loss=1.845228 grad_norm=19.6325 lr=[7.779486430967576e-07, 7.779486430967576e-07, 3.889743215483788e-07, 3.889743215483788e-07, 7.779486430967576e-08, 7.779486430967576e-08]
2026-08-07 09:48:12,833 INFO epoch=1 step=540/1454 loss=1.384967 grad_norm=6.9387 lr=[7.690640716015422e-07, 7.690640716015422e-07, 3.845320358007711e-07, 3.845320358007711e-07, 7.690640716015422e-08, 7.690640716015422e-08]
2026-08-07 09:48:17,433 INFO epoch=1 step=550/1454 loss=1.892414 grad_norm=7.3485 lr=[7.600661388071575e-07, 7.600661388071575e-07, 3.8003306940357876e-07, 3.8003306940357876e-07, 7.600661388071575e-08, 7.600661388071575e-08]
2026-08-07 09:48:21,957 INFO epoch=1 step=560/1454 loss=1.709855 grad_norm=8.4507 lr=[7.509595009648266e-07, 7.509595009648266e-07, 3.754797504824133e-07, 3.754797504824133e-07, 7.509595009648265e-08, 7.509595009648265e-08]
2026-08-07 09:48:26,965 INFO epoch=1 step=570/1454 loss=1.562559 grad_norm=29.1636 lr=[7.41748870578473e-07, 7.41748870578473e-07, 3.708744352892365e-07, 3.708744352892365e-07, 7.41748870578473e-08, 7.41748870578473e-08]
2026-08-07 09:48:31,416 INFO epoch=1 step=580/1454 loss=1.705415 grad_norm=7.5168 lr=[7.324390139660924e-07, 7.324390139660924e-07, 3.662195069830462e-07, 3.662195069830462e-07, 7.324390139660923e-08, 7.324390139660923e-08]
2026-08-07 09:48:36,101 INFO epoch=1 step=590/1454 loss=1.712392 grad_norm=7.7639 lr=[7.230347487932793e-07, 7.230347487932793e-07, 3.6151737439663967e-07, 3.6151737439663967e-07, 7.230347487932793e-08, 7.230347487932793e-08]
2026-08-07 09:48:40,935 INFO epoch=1 step=600/1454 loss=1.684782 grad_norm=9.7157 lr=[7.135409415801797e-07, 7.135409415801797e-07, 3.5677047079008983e-07, 3.5677047079008983e-07, 7.135409415801797e-08, 7.135409415801797e-08]
2026-08-07 09:51:22,003 INFO dev metrics: {'samples': 128, 'empty_outputs': 0, 'average_words': 21.390625, 'p95_words': 30, 'length_18_24_ratio': 0.5390625, 'single_sentence_ratio': 1.0, 'subject_start_ratio': 1.0, 'dev_loss': 1.5603062038100386, 'global_step': 600}
2026-08-07 09:51:29,767 INFO epoch=1 step=610/1454 loss=1.619233 grad_norm=9.7953 lr=[7.03962505183164e-07, 7.03962505183164e-07, 3.51981252591582e-07, 3.51981252591582e-07, 7.03962505183164e-08, 7.03962505183164e-08]
2026-08-07 09:51:37,874 INFO epoch=1 step=620/1454 loss=1.884297 grad_norm=8.6115 lr=[6.943043962525221e-07, 6.943043962525221e-07, 3.471521981262611e-07, 3.471521981262611e-07, 6.943043962525222e-08, 6.943043962525222e-08]
2026-08-07 09:51:42,205 INFO epoch=1 step=630/1454 loss=1.630229 grad_norm=7.7176 lr=[6.845716126674952e-07, 6.845716126674952e-07, 3.422858063337476e-07, 3.422858063337476e-07, 6.845716126674953e-08, 6.845716126674953e-08]
2026-08-07 09:51:46,725 INFO epoch=1 step=640/1454 loss=1.685814 grad_norm=7.3815 lr=[6.74769190949972e-07, 6.74769190949972e-07, 3.37384595474986e-07, 3.37384595474986e-07, 6.747691909499721e-08, 6.747691909499721e-08]
2026-08-07 09:51:51,371 INFO epoch=1 step=650/1454 loss=1.547522 grad_norm=7.4006 lr=[6.6490220365819e-07, 6.6490220365819e-07, 3.32451101829095e-07, 3.32451101829095e-07, 6.649022036581901e-08, 6.649022036581901e-08]
2026-08-07 09:51:55,911 INFO epoch=1 step=660/1454 loss=1.502448 grad_norm=7.6384 lr=[6.549757567617869e-07, 6.549757567617869e-07, 3.2748787838089347e-07, 3.2748787838089347e-07, 6.54975756761787e-08, 6.54975756761787e-08]
2026-08-07 09:52:00,341 INFO epoch=1 step=670/1454 loss=1.572808 grad_norm=7.6184 lr=[6.449949869995628e-07, 6.449949869995628e-07, 3.224974934997814e-07, 3.224974934997814e-07, 6.449949869995628e-08, 6.449949869995628e-08]
2026-08-07 09:52:04,712 INFO epoch=1 step=680/1454 loss=1.579091 grad_norm=7.4413 lr=[6.349650592213201e-07, 6.349650592213201e-07, 3.1748252961066006e-07, 3.1748252961066006e-07, 6.349650592213202e-08, 6.349650592213202e-08]
2026-08-07 09:52:09,036 INFO epoch=1 step=690/1454 loss=1.539751 grad_norm=8.2037 lr=[6.248911637151569e-07, 6.248911637151569e-07, 3.1244558185757843e-07, 3.1244558185757843e-07, 6.248911637151569e-08, 6.248911637151569e-08]
2026-08-07 09:52:13,389 INFO epoch=1 step=700/1454 loss=1.481956 grad_norm=8.0736 lr=[6.147785135215955e-07, 6.147785135215955e-07, 3.0738925676079774e-07, 3.0738925676079774e-07, 6.147785135215955e-08, 6.147785135215955e-08]
2026-08-07 09:53:47,288 INFO dev metrics: {'samples': 128, 'empty_outputs': 0, 'average_words': 21.1875, 'p95_words': 29, 'length_18_24_ratio': 0.5625, 'single_sentence_ratio': 1.0, 'subject_start_ratio': 1.0, 'dev_loss': 1.5449969207172822, 'global_step': 700}
2026-08-07 09:53:55,120 INFO epoch=1 step=710/1454 loss=1.613624 grad_norm=8.3546 lr=[6.046323417359383e-07, 6.046323417359383e-07, 3.0231617086796917e-07, 3.0231617086796917e-07, 6.046323417359384e-08, 6.046323417359384e-08]
2026-08-07 09:54:03,261 INFO epoch=1 step=720/1454 loss=1.542653 grad_norm=8.4156 lr=[5.944578988002446e-07, 5.944578988002446e-07, 2.972289494001223e-07, 2.972289494001223e-07, 5.9445789880024454e-08, 5.9445789880024454e-08]
2026-08-07 09:54:07,682 INFO epoch=1 step=730/1454 loss=1.543334 grad_norm=14.5472 lr=[5.842604497863313e-07, 5.842604497863313e-07, 2.9213022489316567e-07, 2.9213022489316567e-07, 5.842604497863314e-08, 5.842604497863314e-08]
2026-08-07 09:54:12,165 INFO epoch=1 step=740/1454 loss=1.577645 grad_norm=7.6692 lr=[5.740452716712036e-07, 5.740452716712036e-07, 2.870226358356018e-07, 2.870226358356018e-07, 5.7404527167120356e-08, 5.7404527167120356e-08]
2026-08-07 09:54:16,620 INFO epoch=1 step=750/1454 loss=1.645996 grad_norm=9.6580 lr=[5.638176506063232e-07, 5.638176506063232e-07, 2.819088253031616e-07, 2.819088253031616e-07, 5.638176506063232e-08, 5.638176506063232e-08]
2026-08-07 09:54:21,031 INFO epoch=1 step=760/1454 loss=1.578467 grad_norm=6.9920 lr=[5.535828791821313e-07, 5.535828791821313e-07, 2.7679143959106564e-07, 2.7679143959106564e-07, 5.535828791821313e-08, 5.535828791821313e-08]
2026-08-07 09:54:25,786 INFO epoch=1 step=770/1454 loss=1.362691 grad_norm=8.6310 lr=[5.433462536892374e-07, 5.433462536892374e-07, 2.716731268446187e-07, 2.716731268446187e-07, 5.433462536892374e-08, 5.433462536892374e-08]
2026-08-07 09:54:30,305 INFO epoch=1 step=780/1454 loss=1.550916 grad_norm=7.7263 lr=[5.331130713776953e-07, 5.331130713776953e-07, 2.6655653568884764e-07, 2.6655653568884764e-07, 5.331130713776952e-08, 5.331130713776952e-08]
2026-08-07 09:54:34,653 INFO epoch=1 step=790/1454 loss=1.774116 grad_norm=6.7173 lr=[5.228886277157802e-07, 5.228886277157802e-07, 2.614443138578901e-07, 2.614443138578901e-07, 5.228886277157801e-08, 5.228886277157801e-08]
2026-08-07 09:54:38,987 INFO epoch=1 step=800/1454 loss=1.745183 grad_norm=15.6163 lr=[5.126782136496901e-07, 5.126782136496901e-07, 2.5633910682484504e-07, 2.5633910682484504e-07, 5.126782136496901e-08, 5.126782136496901e-08]
2026-08-07 09:56:11,343 INFO dev metrics: {'samples': 128, 'empty_outputs': 0, 'average_words': 21.5546875, 'p95_words': 29, 'length_18_24_ratio': 0.578125, 'single_sentence_ratio': 1.0, 'subject_start_ratio': 1.0, 'dev_loss': 1.5319008792232909, 'global_step': 800}
2026-08-07 09:56:19,306 INFO epoch=1 step=810/1454 loss=1.518645 grad_norm=6.3496 lr=[5.02487112865587e-07, 5.02487112865587e-07, 2.512435564327935e-07, 2.512435564327935e-07, 5.0248711286558697e-08, 5.0248711286558697e-08]
2026-08-07 09:56:27,375 INFO epoch=1 step=820/1454 loss=1.743135 grad_norm=8.1069 lr=[4.923205990553927e-07, 4.923205990553927e-07, 2.4616029952769634e-07, 2.4616029952769634e-07, 4.923205990553927e-08, 4.923205990553927e-08]
2026-08-07 09:56:31,725 INFO epoch=1 step=830/1454 loss=1.647978 grad_norm=7.8533 lr=[4.821839331877597e-07, 4.821839331877597e-07, 2.410919665938799e-07, 2.410919665938799e-07, 4.821839331877597e-08, 4.821839331877597e-08]
2026-08-07 09:56:36,168 INFO epoch=1 step=840/1454 loss=1.489868 grad_norm=7.4274 lr=[4.720823607856239e-07, 4.720823607856239e-07, 2.3604118039281196e-07, 2.3604118039281196e-07, 4.720823607856239e-08, 4.720823607856239e-08]
2026-08-07 09:56:40,518 INFO epoch=1 step=850/1454 loss=1.482439 grad_norm=9.3917 lr=[4.620211092117507e-07, 4.620211092117507e-07, 2.3101055460587536e-07, 2.3101055460587536e-07, 4.620211092117507e-08, 4.620211092117507e-08]
2026-08-07 09:56:44,843 INFO epoch=1 step=860/1454 loss=1.762851 grad_norm=18.9494 lr=[4.5200538496367925e-07, 4.5200538496367925e-07, 2.2600269248183963e-07, 2.2600269248183963e-07, 4.5200538496367925e-08, 4.5200538496367925e-08]
2026-08-07 09:56:49,182 INFO epoch=1 step=870/1454 loss=1.556453 grad_norm=8.4788 lr=[4.4204037097946324e-07, 4.4204037097946324e-07, 2.2102018548973162e-07, 2.2102018548973162e-07, 4.420403709794632e-08, 4.420403709794632e-08]
2026-08-07 09:56:53,565 INFO epoch=1 step=880/1454 loss=1.539586 grad_norm=7.0304 lr=[4.321312239556033e-07, 4.321312239556033e-07, 2.1606561197780164e-07, 2.1606561197780164e-07, 4.3213122395560334e-08, 4.3213122395560334e-08]
2026-08-07 09:56:58,062 INFO epoch=1 step=890/1454 loss=1.510993 grad_norm=7.9389 lr=[4.222830716785598e-07, 4.222830716785598e-07, 2.111415358392799e-07, 2.111415358392799e-07, 4.222830716785598e-08, 4.222830716785598e-08]
2026-08-07 09:57:02,779 INFO epoch=1 step=900/1454 loss=1.668689 grad_norm=8.2049 lr=[4.12501010371225e-07, 4.12501010371225e-07, 2.062505051856125e-07, 2.062505051856125e-07, 4.12501010371225e-08, 4.12501010371225e-08]
2026-08-07 09:58:38,981 INFO dev metrics: {'samples': 128, 'empty_outputs': 0, 'average_words': 21.1640625, 'p95_words': 29, 'length_18_24_ratio': 0.5625, 'single_sentence_ratio': 1.0, 'subject_start_ratio': 1.0, 'dev_loss': 1.5232577259814892, 'global_step': 900}
2026-08-07 09:58:46,793 INFO epoch=1 step=910/1454 loss=1.556170 grad_norm=6.8205 lr=[4.027901020557287e-07, 4.027901020557287e-07, 2.0139505102786435e-07, 2.0139505102786435e-07, 4.0279010205572874e-08, 4.0279010205572874e-08]
2026-08-07 09:58:54,766 INFO epoch=1 step=920/1454 loss=1.691487 grad_norm=9.1246 lr=[3.9315537193394356e-07, 3.9315537193394356e-07, 1.9657768596697178e-07, 1.9657768596697178e-07, 3.931553719339435e-08, 3.931553719339435e-08]
2026-08-07 09:58:59,738 INFO epoch=1 step=930/1454 loss=1.417776 grad_norm=8.0700 lr=[3.8360180578704195e-07, 3.8360180578704195e-07, 1.9180090289352097e-07, 1.9180090289352097e-07, 3.836018057870419e-08, 3.836018057870419e-08]
2026-08-07 09:59:04,257 INFO epoch=1 step=940/1454 loss=1.470126 grad_norm=7.4188 lr=[3.741343473954538e-07, 3.741343473954538e-07, 1.870671736977269e-07, 1.870671736977269e-07, 3.741343473954538e-08, 3.741343473954538e-08]
2026-08-07 09:59:08,717 INFO epoch=1 step=950/1454 loss=1.578489 grad_norm=7.2637 lr=[3.6475789598055883e-07, 3.6475789598055883e-07, 1.8237894799027941e-07, 1.8237894799027941e-07, 3.647578959805588e-08, 3.647578959805588e-08]
2026-08-07 09:59:13,116 INFO epoch=1 step=960/1454 loss=1.853968 grad_norm=12.2313 lr=[3.5547730366943673e-07, 3.5547730366943673e-07, 1.7773865183471836e-07, 1.7773865183471836e-07, 3.5547730366943674e-08, 3.5547730366943674e-08]
2026-08-07 09:59:18,628 INFO epoch=2 step=970/1454 loss=1.451402 grad_norm=7.1014 lr=[3.4629737298398766e-07, 3.4629737298398766e-07, 1.7314868649199383e-07, 1.7314868649199383e-07, 3.462973729839877e-08, 3.462973729839877e-08]
2026-08-07 09:59:23,132 INFO epoch=2 step=980/1454 loss=1.540317 grad_norm=8.2174 lr=[3.372228543557233e-07, 3.372228543557233e-07, 1.6861142717786166e-07, 1.6861142717786166e-07, 3.372228543557234e-08, 3.372228543557234e-08]
2026-08-07 09:59:27,456 INFO epoch=2 step=990/1454 loss=1.456059 grad_norm=7.0761 lr=[3.2825844366751275e-07, 3.2825844366751275e-07, 1.6412922183375638e-07, 1.6412922183375638e-07, 3.282584436675128e-08, 3.282584436675128e-08]
2026-08-07 09:59:31,924 INFO epoch=2 step=1000/1454 loss=1.662815 grad_norm=7.0301 lr=[3.1940877982355647e-07, 3.1940877982355647e-07, 1.5970438991177823e-07, 1.5970438991177823e-07, 3.1940877982355644e-08, 3.1940877982355644e-08]
2026-08-07 10:01:08,658 INFO dev metrics: {'samples': 128, 'empty_outputs': 0, 'average_words': 21.40625, 'p95_words': 29, 'length_18_24_ratio': 0.5546875, 'single_sentence_ratio': 1.0, 'subject_start_ratio': 1.0, 'dev_loss': 1.5161576626376994, 'global_step': 1000}
2026-08-07 10:01:16,410 INFO epoch=2 step=1010/1454 loss=1.568332 grad_norm=7.6097 lr=[3.106784423488452e-07, 3.106784423488452e-07, 1.553392211744226e-07, 1.553392211744226e-07, 3.106784423488452e-08, 3.106784423488452e-08]
2026-08-07 10:01:24,293 INFO epoch=2 step=1020/1454 loss=1.766746 grad_norm=7.1410 lr=[3.020719490193481e-07, 3.020719490193481e-07, 1.5103597450967406e-07, 1.5103597450967406e-07, 3.020719490193481e-08, 3.020719490193481e-08]
2026-08-07 10:01:28,611 INFO epoch=2 step=1030/1454 loss=1.357870 grad_norm=6.4678 lr=[2.935937535241525e-07, 2.935937535241525e-07, 1.4679687676207625e-07, 1.4679687676207625e-07, 2.935937535241525e-08, 2.935937535241525e-08]
2026-08-07 10:01:33,109 INFO epoch=2 step=1040/1454 loss=1.463739 grad_norm=7.3076 lr=[2.852482431607689e-07, 2.852482431607689e-07, 1.4262412158038444e-07, 1.4262412158038444e-07, 2.852482431607689e-08, 2.852482431607689e-08]
2026-08-07 10:01:37,928 INFO epoch=2 step=1050/1454 loss=1.890611 grad_norm=10.7989 lr=[2.7703973656479135e-07, 2.7703973656479135e-07, 1.3851986828239567e-07, 1.3851986828239567e-07, 2.7703973656479134e-08, 2.7703973656479134e-08]
2026-08-07 10:01:42,362 INFO epoch=2 step=1060/1454 loss=1.569230 grad_norm=7.0722 lr=[2.6897248147508967e-07, 2.6897248147508967e-07, 1.3448624073754483e-07, 1.3448624073754483e-07, 2.6897248147508967e-08, 2.6897248147508967e-08]
2026-08-07 10:01:46,823 INFO epoch=2 step=1070/1454 loss=1.454905 grad_norm=9.5760 lr=[2.610506525356895e-07, 2.610506525356895e-07, 1.3052532626784474e-07, 1.3052532626784474e-07, 2.6105065253568946e-08, 2.6105065253568946e-08]
2026-08-07 10:01:51,459 INFO epoch=2 step=1080/1454 loss=1.720853 grad_norm=7.5910 lr=[2.532783491354764e-07, 2.532783491354764e-07, 1.266391745677382e-07, 1.266391745677382e-07, 2.5327834913547642e-08, 2.5327834913547642e-08]
2026-08-07 10:01:56,008 INFO epoch=2 step=1090/1454 loss=1.618940 grad_norm=11.2440 lr=[2.456595932868443e-07, 2.456595932868443e-07, 1.2282979664342216e-07, 1.2282979664342216e-07, 2.4565959328684428e-08, 2.4565959328684428e-08]
2026-08-07 10:02:00,477 INFO epoch=2 step=1100/1454 loss=1.525568 grad_norm=7.5027 lr=[2.3819832754438315e-07, 2.3819832754438315e-07, 1.1909916377219157e-07, 1.1909916377219157e-07, 2.3819832754438317e-08, 2.3819832754438317e-08]
2026-08-07 10:03:33,498 INFO dev metrics: {'samples': 128, 'empty_outputs': 0, 'average_words': 21.453125, 'p95_words': 29, 'length_18_24_ratio': 0.5703125, 'single_sentence_ratio': 1.0, 'subject_start_ratio': 1.0, 'dev_loss': 1.511190458322048, 'global_step': 1100}
2026-08-07 10:03:42,078 INFO epoch=2 step=1110/1454 loss=1.481473 grad_norm=9.2250 lr=[2.3089841296468637e-07, 2.3089841296468637e-07, 1.1544920648234319e-07, 1.1544920648234319e-07, 2.3089841296468638e-08, 2.3089841296468638e-08]
2026-08-07 10:03:50,632 INFO epoch=2 step=1120/1454 loss=1.475615 grad_norm=7.6741 lr=[2.2376362710833053e-07, 2.2376362710833053e-07, 1.1188181355416526e-07, 1.1188181355416526e-07, 2.237636271083305e-08, 2.237636271083305e-08]
2026-08-07 10:03:55,095 INFO epoch=2 step=1130/1454 loss=1.656808 grad_norm=7.3250 lr=[2.1679766208506233e-07, 2.1679766208506233e-07, 1.0839883104253116e-07, 1.0839883104253116e-07, 2.1679766208506234e-08, 2.1679766208506234e-08]
2026-08-07 10:03:59,799 INFO epoch=2 step=1140/1454 loss=1.878987 grad_norm=7.7067 lr=[2.100041226432061e-07, 2.100041226432061e-07, 1.0500206132160304e-07, 1.0500206132160304e-07, 2.1000412264320607e-08, 2.1000412264320607e-08]
2026-08-07 10:04:04,203 INFO epoch=2 step=1150/1454 loss=1.740322 grad_norm=7.7382 lr=[2.0338652430427773e-07, 2.0338652430427773e-07, 1.0169326215213886e-07, 1.0169326215213886e-07, 2.0338652430427772e-08, 2.0338652430427772e-08]
2026-08-07 10:04:08,683 INFO epoch=2 step=1160/1454 loss=1.336510 grad_norm=8.2814 lr=[1.9694829154377257e-07, 1.9694829154377257e-07, 9.847414577188628e-08, 9.847414577188628e-08, 1.9694829154377257e-08, 1.9694829154377257e-08]
2026-08-07 10:04:13,086 INFO epoch=2 step=1170/1454 loss=1.704943 grad_norm=10.3161 lr=[1.9069275601906715e-07, 1.9069275601906715e-07, 9.534637800953357e-08, 9.534637800953357e-08, 1.9069275601906716e-08, 1.9069275601906716e-08]
2026-08-07 10:04:17,703 INFO epoch=2 step=1180/1454 loss=1.505462 grad_norm=7.4303 lr=[1.8462315484535286e-07, 1.8462315484535286e-07, 9.231157742267643e-08, 9.231157742267643e-08, 1.8462315484535286e-08, 1.8462315484535286e-08]
2026-08-07 10:04:22,349 INFO epoch=2 step=1190/1454 loss=1.737674 grad_norm=16.8883 lr=[1.787426289204933e-07, 1.787426289204933e-07, 8.937131446024666e-08, 8.937131446024666e-08, 1.787426289204933e-08, 1.787426289204933e-08]
2026-08-07 10:04:26,704 INFO epoch=2 step=1200/1454 loss=1.574658 grad_norm=7.3672 lr=[1.7305422129967225e-07, 1.7305422129967225e-07, 8.652711064983613e-08, 8.652711064983613e-08, 1.7305422129967227e-08, 1.7305422129967227e-08]
2026-08-07 10:06:05,427 INFO dev metrics: {'samples': 128, 'empty_outputs': 0, 'average_words': 21.28125, 'p95_words': 29, 'length_18_24_ratio': 0.59375, 'single_sentence_ratio': 1.0, 'subject_start_ratio': 1.0, 'dev_loss': 1.5077292264736901, 'global_step': 1200}
2026-08-07 10:06:13,210 INFO epoch=2 step=1210/1454 loss=1.758316 grad_norm=7.6199 lr=[1.6756087562067292e-07, 1.6756087562067292e-07, 8.378043781033646e-08, 8.378043781033646e-08, 1.6756087562067293e-08, 1.6756087562067293e-08]
2026-08-07 10:06:21,886 INFO epoch=2 step=1220/1454 loss=1.463493 grad_norm=8.2536 lr=[1.6226543458060389e-07, 1.6226543458060389e-07, 8.113271729030194e-08, 8.113271729030194e-08, 1.6226543458060387e-08, 1.6226543458060387e-08]
2026-08-07 10:06:26,526 INFO epoch=2 step=1230/1454 loss=1.498758 grad_norm=7.4561 lr=[1.571706384648601e-07, 1.571706384648601e-07, 7.858531923243005e-08, 7.858531923243005e-08, 1.571706384648601e-08, 1.571706384648601e-08]
2026-08-07 10:06:30,892 INFO epoch=2 step=1240/1454 loss=1.366084 grad_norm=8.0892 lr=[1.5227912372907975e-07, 1.5227912372907975e-07, 7.613956186453988e-08, 7.613956186453988e-08, 1.5227912372907976e-08, 1.5227912372907976e-08]
2026-08-07 10:06:35,282 INFO epoch=2 step=1250/1454 loss=1.599296 grad_norm=7.7384 lr=[1.475934216348308e-07, 1.475934216348308e-07, 7.37967108174154e-08, 7.37967108174154e-08, 1.475934216348308e-08, 1.475934216348308e-08]
2026-08-07 10:06:39,703 INFO epoch=2 step=1260/1454 loss=1.706439 grad_norm=10.4590 lr=[1.431159569397334e-07, 1.431159569397334e-07, 7.15579784698667e-08, 7.15579784698667e-08, 1.4311595693973339e-08, 1.4311595693973339e-08]
2026-08-07 10:06:44,047 INFO epoch=2 step=1270/1454 loss=1.759979 grad_norm=9.5059 lr=[1.388490466426961e-07, 1.388490466426961e-07, 6.942452332134805e-08, 6.942452332134805e-08, 1.3884904664269612e-08, 1.3884904664269612e-08]
2026-08-07 10:06:48,384 INFO epoch=2 step=1280/1454 loss=1.362136 grad_norm=9.4652 lr=[1.3479489878491527e-07, 1.3479489878491527e-07, 6.739744939245763e-08, 6.739744939245763e-08, 1.3479489878491526e-08, 1.3479489878491526e-08]
2026-08-07 10:06:52,730 INFO epoch=2 step=1290/1454 loss=1.427146 grad_norm=6.8619 lr=[1.3095561130725733e-07, 1.3095561130725733e-07, 6.547780565362866e-08, 6.547780565362866e-08, 1.3095561130725732e-08, 1.3095561130725732e-08]
2026-08-07 10:06:57,091 INFO epoch=2 step=1300/1454 loss=1.814491 grad_norm=7.8629 lr=[1.2733317096461626e-07, 1.2733317096461626e-07, 6.366658548230813e-08, 6.366658548230813e-08, 1.2733317096461627e-08, 1.2733317096461627e-08]
2026-08-07 10:08:32,660 INFO dev metrics: {'samples': 128, 'empty_outputs': 0, 'average_words': 21.46875, 'p95_words': 29, 'length_18_24_ratio': 0.5390625, 'single_sentence_ratio': 1.0, 'subject_start_ratio': 1.0, 'dev_loss': 1.5049844868817743, 'global_step': 1300}
2026-08-07 10:08:40,408 INFO epoch=2 step=1310/1454 loss=1.577894 grad_norm=7.1528 lr=[1.239294522978075e-07, 1.239294522978075e-07, 6.196472614890374e-08, 6.196472614890374e-08, 1.2392945229780748e-08, 1.2392945229780748e-08]
2026-08-07 10:08:48,347 INFO epoch=2 step=1320/1454 loss=1.384302 grad_norm=6.7158 lr=[1.2074621666353012e-07, 1.2074621666353012e-07, 6.037310833176506e-08, 6.037310833176506e-08, 1.2074621666353013e-08, 1.2074621666353013e-08]
2026-08-07 10:08:52,685 INFO epoch=2 step=1330/1454 loss=1.606264 grad_norm=7.1786 lr=[1.1778511132290031e-07, 1.1778511132290031e-07, 5.8892555661450156e-08, 5.8892555661450156e-08, 1.1778511132290031e-08, 1.1778511132290031e-08]
2026-08-07 10:08:57,203 INFO epoch=2 step=1340/1454 loss=1.412553 grad_norm=7.2226 lr=[1.1504766858902596e-07, 1.1504766858902596e-07, 5.752383429451298e-08, 5.752383429451298e-08, 1.1504766858902595e-08, 1.1504766858902595e-08]
2026-08-07 10:09:01,881 INFO epoch=2 step=1350/1454 loss=1.344673 grad_norm=8.2510 lr=[1.1253530503406534e-07, 1.1253530503406534e-07, 5.626765251703267e-08, 5.626765251703267e-08, 1.1253530503406535e-08, 1.1253530503406535e-08]
2026-08-07 10:09:06,289 INFO epoch=2 step=1360/1454 loss=1.632498 grad_norm=6.9327 lr=[1.1024932075617921e-07, 1.1024932075617921e-07, 5.5124660378089603e-08, 5.5124660378089603e-08, 1.1024932075617921e-08, 1.1024932075617921e-08]
2026-08-07 10:09:10,709 INFO epoch=2 step=1370/1454 loss=1.493340 grad_norm=7.6277 lr=[1.0819089870675587e-07, 1.0819089870675587e-07, 5.4095449353377933e-08, 5.4095449353377933e-08, 1.0819089870675587e-08, 1.0819089870675587e-08]
2026-08-07 10:09:15,059 INFO epoch=2 step=1380/1454 loss=1.769922 grad_norm=7.7704 lr=[1.0636110407825732e-07, 1.0636110407825732e-07, 5.318055203912866e-08, 5.318055203912866e-08, 1.0636110407825733e-08, 1.0636110407825733e-08]
2026-08-07 10:09:19,392 INFO epoch=2 step=1390/1454 loss=1.544195 grad_norm=7.6539 lr=[1.047608837530033e-07, 1.047608837530033e-07, 5.238044187650165e-08, 5.238044187650165e-08, 1.047608837530033e-08, 1.047608837530033e-08]
2026-08-07 10:09:23,797 INFO epoch=2 step=1400/1454 loss=1.564809 grad_norm=6.6576 lr=[1.0339106581317863e-07, 1.0339106581317863e-07, 5.1695532906589314e-08, 5.1695532906589314e-08, 1.0339106581317863e-08, 1.0339106581317863e-08]
2026-08-07 10:11:02,198 INFO dev metrics: {'samples': 128, 'empty_outputs': 0, 'average_words': 21.390625, 'p95_words': 29, 'length_18_24_ratio': 0.5703125, 'single_sentence_ratio': 1.0, 'subject_start_ratio': 1.0, 'dev_loss': 1.5034914963943047, 'global_step': 1400}
2026-08-07 10:11:10,182 INFO epoch=2 step=1410/1454 loss=1.270908 grad_norm=7.8687 lr=[1.0225235911231715e-07, 1.0225235911231715e-07, 5.1126179556158576e-08, 5.1126179556158576e-08, 1.0225235911231714e-08, 1.0225235911231714e-08]
2026-08-07 10:11:14,510 INFO epoch=2 step=1420/1454 loss=1.567245 grad_norm=10.6235 lr=[1.01345352908484e-07, 1.01345352908484e-07, 5.0672676454242e-08, 5.0672676454242e-08, 1.01345352908484e-08, 1.01345352908484e-08]
2026-08-07 10:11:21,189 INFO epoch=2 step=1430/1454 loss=1.517418 grad_norm=7.8070 lr=[1.0067051655934645e-07, 1.0067051655934645e-07, 5.033525827967322e-08, 5.033525827967322e-08, 1.0067051655934645e-08, 1.0067051655934645e-08]
2026-08-07 10:11:25,539 INFO epoch=2 step=1440/1454 loss=1.608582 grad_norm=6.9243 lr=[1.0022819927929052e-07, 1.0022819927929052e-07, 5.011409963964526e-08, 5.011409963964526e-08, 1.0022819927929052e-08, 1.0022819927929052e-08]
2026-08-07 10:11:30,101 INFO epoch=2 step=1450/1454 loss=1.702242 grad_norm=8.1367 lr=[1.0001862995870956e-07, 1.0001862995870956e-07, 5.000931497935478e-08, 5.000931497935478e-08, 1.0001862995870956e-08, 1.0001862995870956e-08]
2026-08-07 10:11:35,347 INFO training stopped at optimizer step 1454
