2026-08-06 18:52:06,599 WARNING Missing checkpoint keys after tied-weight load: ['language_model.model.encoder.embed_tokens.weight', 'language_model.model.decoder.embed_tokens.weight', 'language_model.lm_head.weight']
2026-08-06 18:52:06,820 INFO parameter groups: {'vision': {'tensors': 400, 'parameters': 90368000}, 'projection': {'tensors': 5, 'parameters': 839168}, 'language': {'tensors': 259, 'parameters': 140206848}}
2026-08-06 18:52:09,931 INFO epoch=1 step=1/969 loss=4.095285 grad_norm=32.1934 lr=[2.040816326530612e-08, 2.040816326530612e-08, 1.020408163265306e-08, 1.020408163265306e-08, 2.040816326530612e-09, 2.040816326530612e-09]
2026-08-06 18:52:14,002 INFO epoch=1 step=10/969 loss=3.482605 grad_norm=22.0948 lr=[2.0408163265306121e-07, 2.0408163265306121e-07, 1.0204081632653061e-07, 1.0204081632653061e-07, 2.0408163265306123e-08, 2.0408163265306123e-08]
2026-08-06 18:52:18,342 INFO epoch=1 step=20/969 loss=3.520182 grad_norm=24.0863 lr=[4.0816326530612243e-07, 4.0816326530612243e-07, 2.0408163265306121e-07, 2.0408163265306121e-07, 4.081632653061225e-08, 4.081632653061225e-08]
2026-08-06 18:52:22,760 INFO epoch=1 step=30/969 loss=3.421898 grad_norm=21.0213 lr=[6.122448979591837e-07, 6.122448979591837e-07, 3.0612244897959183e-07, 3.0612244897959183e-07, 6.122448979591837e-08, 6.122448979591837e-08]
2026-08-06 18:52:27,500 INFO epoch=1 step=40/969 loss=3.119020 grad_norm=20.5699 lr=[8.163265306122449e-07, 8.163265306122449e-07, 4.0816326530612243e-07, 4.0816326530612243e-07, 8.16326530612245e-08, 8.16326530612245e-08]
2026-08-06 18:52:31,905 INFO epoch=1 step=50/969 loss=2.979674 grad_norm=15.2775 lr=[9.999973763482605e-07, 9.999973763482605e-07, 4.999986881741303e-07, 4.999986881741303e-07, 9.999973763482604e-08, 9.999973763482604e-08]
2026-08-06 18:52:36,384 INFO epoch=1 step=60/969 loss=2.831613 grad_norm=13.9774 lr=[9.996825751560217e-07, 9.996825751560217e-07, 4.998412875780109e-07, 4.998412875780109e-07, 9.996825751560217e-08, 9.996825751560217e-08]
2026-08-06 18:52:40,848 INFO epoch=1 step=70/969 loss=2.532617 grad_norm=11.0154 lr=[9.988434641965087e-07, 9.988434641965087e-07, 4.994217320982543e-07, 4.994217320982543e-07, 9.988434641965086e-08, 9.988434641965086e-08]
2026-08-06 18:52:45,174 INFO epoch=1 step=80/969 loss=2.381273 grad_norm=8.9681 lr=[9.974810218355646e-07, 9.974810218355646e-07, 4.987405109177823e-07, 4.987405109177823e-07, 9.974810218355646e-08, 9.974810218355646e-08]
2026-08-06 18:52:49,583 INFO epoch=1 step=90/969 loss=2.078309 grad_norm=8.9177 lr=[9.95596836620037e-07, 9.95596836620037e-07, 4.977984183100185e-07, 4.977984183100185e-07, 9.95596836620037e-08, 9.95596836620037e-08]
2026-08-06 18:52:53,962 INFO epoch=1 step=100/969 loss=1.982252 grad_norm=8.6213 lr=[9.931931054256033e-07, 9.931931054256033e-07, 4.965965527128017e-07, 4.965965527128017e-07, 9.931931054256033e-08, 9.931931054256033e-08]
2026-08-06 18:54:27,060 INFO dev metrics: {'samples': 128, 'empty_outputs': 0, 'average_words': 20.359375, 'p95_words': 27, 'length_18_24_ratio': 0.6484375, 'single_sentence_ratio': 1.0, 'subject_start_ratio': 0.9921875, 'dev_loss': 1.9701125466953051, 'global_step': 100}
2026-08-06 18:54:34,792 INFO epoch=1 step=110/969 loss=2.466751 grad_norm=7.7348 lr=[9.902726308953116e-07, 9.902726308953116e-07, 4.951363154476558e-07, 4.951363154476558e-07, 9.902726308953115e-08, 9.902726308953115e-08]
2026-08-06 18:54:40,500 INFO epoch=1 step=120/969 loss=2.194136 grad_norm=7.5311 lr=[9.868388181718242e-07, 9.868388181718242e-07, 4.934194090859121e-07, 4.934194090859121e-07, 9.868388181718244e-08, 9.868388181718244e-08]
2026-08-06 18:54:45,023 INFO epoch=1 step=130/969 loss=1.614642 grad_norm=7.2845 lr=[9.82895670927175e-07, 9.82895670927175e-07, 4.914478354635875e-07, 4.914478354635875e-07, 9.82895670927175e-08, 9.82895670927175e-08]
2026-08-06 18:54:49,336 INFO epoch=1 step=140/969 loss=1.756030 grad_norm=7.4309 lr=[9.784477866946642e-07, 9.784477866946642e-07, 4.892238933473321e-07, 4.892238933473321e-07, 9.784477866946642e-08, 9.784477866946642e-08]
2026-08-06 18:54:53,643 INFO epoch=1 step=150/969 loss=1.956136 grad_norm=7.2658 lr=[9.735003515083432e-07, 9.735003515083432e-07, 4.867501757541716e-07, 4.867501757541716e-07, 9.735003515083432e-08, 9.735003515083432e-08]
2026-08-06 18:54:57,975 INFO epoch=1 step=160/969 loss=2.226550 grad_norm=7.2156 lr=[9.680591338563285e-07, 9.680591338563285e-07, 4.840295669281642e-07, 4.840295669281642e-07, 9.680591338563285e-08, 9.680591338563285e-08]
2026-08-06 18:55:05,176 INFO epoch=1 step=170/969 loss=1.760234 grad_norm=7.1747 lr=[9.62130477955004e-07, 9.62130477955004e-07, 4.81065238977502e-07, 4.81065238977502e-07, 9.621304779550039e-08, 9.621304779550039e-08]
2026-08-06 18:55:09,562 INFO epoch=1 step=180/969 loss=1.840603 grad_norm=7.2832 lr=[9.557212963519479e-07, 9.557212963519479e-07, 4.778606481759739e-07, 4.778606481759739e-07, 9.55721296351948e-08, 9.55721296351948e-08]
2026-08-06 18:55:13,943 INFO epoch=1 step=190/969 loss=1.761940 grad_norm=6.6454 lr=[9.488390618662116e-07, 9.488390618662116e-07, 4.744195309331058e-07, 4.744195309331058e-07, 9.488390618662117e-08, 9.488390618662117e-08]
2026-08-06 18:55:18,322 INFO epoch=1 step=200/969 loss=1.557333 grad_norm=9.7578 lr=[9.414917988753473e-07, 9.414917988753473e-07, 4.707458994376736e-07, 4.707458994376736e-07, 9.414917988753472e-08, 9.414917988753472e-08]
2026-08-06 18:56:46,654 INFO dev metrics: {'samples': 128, 'empty_outputs': 0, 'average_words': 21.75, 'p95_words': 28, 'length_18_24_ratio': 0.6796875, 'single_sentence_ratio': 1.0, 'subject_start_ratio': 1.0, 'dev_loss': 1.7322988415560008, 'global_step': 200}
2026-08-06 18:56:53,903 INFO epoch=1 step=210/969 loss=1.614918 grad_norm=6.3845 lr=[9.336880739593415e-07, 9.336880739593415e-07, 4.6684403697967073e-07, 4.6684403697967073e-07, 9.336880739593415e-08, 9.336880739593415e-08]
2026-08-06 18:57:02,707 INFO epoch=1 step=220/969 loss=1.629191 grad_norm=6.7590 lr=[9.254369859123676e-07, 9.254369859123676e-07, 4.627184929561838e-07, 4.627184929561838e-07, 9.254369859123677e-08, 9.254369859123677e-08]
2026-08-06 18:57:06,988 INFO epoch=1 step=230/969 loss=1.580886 grad_norm=6.6096 lr=[9.16748155133998e-07, 9.16748155133998e-07, 4.58374077566999e-07, 4.58374077566999e-07, 9.16748155133998e-08, 9.16748155133998e-08]
2026-08-06 18:57:11,331 INFO epoch=1 step=240/969 loss=1.890766 grad_norm=6.7848 lr=[9.07631712412248e-07, 9.07631712412248e-07, 4.53815856206124e-07, 4.53815856206124e-07, 9.07631712412248e-08, 9.07631712412248e-08]
2026-08-06 18:57:15,817 INFO epoch=1 step=250/969 loss=1.509791 grad_norm=6.2875 lr=[8.980982871115317e-07, 8.980982871115317e-07, 4.490491435557659e-07, 4.490491435557659e-07, 8.980982871115319e-08, 8.980982871115319e-08]
2026-08-06 18:57:20,301 INFO epoch=1 step=260/969 loss=1.617104 grad_norm=6.8378 lr=[8.881589947792971e-07, 8.881589947792971e-07, 4.4407949738964857e-07, 4.4407949738964857e-07, 8.881589947792971e-08, 8.881589947792971e-08]
2026-08-06 18:57:24,617 INFO epoch=1 step=270/969 loss=1.550834 grad_norm=7.6503 lr=[8.778254241857957e-07, 8.778254241857957e-07, 4.3891271209289786e-07, 4.3891271209289786e-07, 8.778254241857957e-08, 8.778254241857957e-08]
2026-08-06 18:57:29,079 INFO epoch=1 step=280/969 loss=1.601858 grad_norm=14.7836 lr=[8.671096238120946e-07, 8.671096238120946e-07, 4.335548119060473e-07, 4.335548119060473e-07, 8.671096238120946e-08, 8.671096238120946e-08]
2026-08-06 18:57:33,410 INFO epoch=1 step=290/969 loss=1.898869 grad_norm=6.9785 lr=[8.560240878020868e-07, 8.560240878020868e-07, 4.280120439010434e-07, 4.280120439010434e-07, 8.560240878020868e-08, 8.560240878020868e-08]
2026-08-06 18:57:37,710 INFO epoch=1 step=300/969 loss=1.829686 grad_norm=8.4932 lr=[8.445817413948777e-07, 8.445817413948777e-07, 4.2229087069743887e-07, 4.2229087069743887e-07, 8.445817413948777e-08, 8.445817413948777e-08]
2026-08-06 18:59:20,759 INFO dev metrics: {'samples': 128, 'empty_outputs': 0, 'average_words': 21.421875, 'p95_words': 29, 'length_18_24_ratio': 0.625, 'single_sentence_ratio': 1.0, 'subject_start_ratio': 1.0, 'dev_loss': 1.6573623723276727, 'global_step': 300}
2026-08-06 18:59:28,231 INFO epoch=1 step=310/969 loss=1.651338 grad_norm=6.9214 lr=[8.32795925854535e-07, 8.32795925854535e-07, 4.163979629272675e-07, 4.163979629272675e-07, 8.327959258545351e-08, 8.327959258545351e-08]
2026-08-06 18:59:36,422 INFO epoch=1 step=320/969 loss=1.680419 grad_norm=8.3151 lr=[8.206803829147718e-07, 8.206803829147718e-07, 4.103401914573859e-07, 4.103401914573859e-07, 8.206803829147718e-08, 8.206803829147718e-08]
2026-08-06 18:59:40,820 INFO epoch=1 step=330/969 loss=1.952694 grad_norm=7.7660 lr=[8.082492387566991e-07, 8.082492387566991e-07, 4.041246193783496e-07, 4.041246193783496e-07, 8.082492387566991e-08, 8.082492387566991e-08]
2026-08-06 18:59:45,316 INFO epoch=1 step=340/969 loss=1.726370 grad_norm=7.3019 lr=[7.95516987538331e-07, 7.95516987538331e-07, 3.977584937691655e-07, 3.977584937691655e-07, 7.955169875383309e-08, 7.955169875383309e-08]
2026-08-06 18:59:49,704 INFO epoch=1 step=350/969 loss=1.589306 grad_norm=7.3354 lr=[7.824984744950445e-07, 7.824984744950445e-07, 3.9124923724752224e-07, 3.9124923724752224e-07, 7.824984744950444e-08, 7.824984744950444e-08]
2026-08-06 18:59:54,115 INFO epoch=1 step=360/969 loss=1.776628 grad_norm=8.5174 lr=[7.692088786306995e-07, 7.692088786306995e-07, 3.8460443931534973e-07, 3.8460443931534973e-07, 7.692088786306995e-08, 7.692088786306995e-08]
2026-08-06 18:59:58,431 INFO epoch=1 step=370/969 loss=1.270787 grad_norm=7.5333 lr=[7.556636950195988e-07, 7.556636950195988e-07, 3.778318475097994e-07, 3.778318475097994e-07, 7.556636950195988e-08, 7.556636950195988e-08]
2026-08-06 19:00:02,951 INFO epoch=1 step=380/969 loss=1.949980 grad_norm=7.4475 lr=[7.418787167399254e-07, 7.418787167399254e-07, 3.709393583699627e-07, 3.709393583699627e-07, 7.418787167399254e-08, 7.418787167399254e-08]
2026-08-06 19:00:07,357 INFO epoch=1 step=390/969 loss=1.919155 grad_norm=9.0944 lr=[7.278700164597186e-07, 7.278700164597186e-07, 3.639350082298593e-07, 3.639350082298593e-07, 7.278700164597186e-08, 7.278700164597186e-08]
2026-08-06 19:00:11,722 INFO epoch=1 step=400/969 loss=1.455981 grad_norm=6.5671 lr=[7.136539276968634e-07, 7.136539276968634e-07, 3.568269638484317e-07, 3.568269638484317e-07, 7.136539276968634e-08, 7.136539276968634e-08]
2026-08-06 19:01:50,606 INFO dev metrics: {'samples': 128, 'empty_outputs': 0, 'average_words': 21.78125, 'p95_words': 29, 'length_18_24_ratio': 0.59375, 'single_sentence_ratio': 1.0, 'subject_start_ratio': 1.0, 'dev_loss': 1.61829897932944, 'global_step': 400}
2026-08-06 19:01:58,372 INFO epoch=1 step=410/969 loss=1.722277 grad_norm=6.7599 lr=[6.992470257749382e-07, 6.992470257749382e-07, 3.496235128874691e-07, 3.496235128874691e-07, 6.992470257749382e-08, 6.992470257749382e-08]
2026-08-06 19:02:06,758 INFO epoch=1 step=420/969 loss=1.458373 grad_norm=8.1265 lr=[6.84666108497129e-07, 6.84666108497129e-07, 3.423330542485645e-07, 3.423330542485645e-07, 6.846661084971291e-08, 6.846661084971291e-08]
2026-08-06 19:02:12,467 INFO epoch=1 step=430/969 loss=1.611895 grad_norm=7.7069 lr=[6.699281765607437e-07, 6.699281765607437e-07, 3.3496408828037186e-07, 3.3496408828037186e-07, 6.699281765607438e-08, 6.699281765607438e-08]
2026-08-06 19:02:18,560 INFO epoch=1 step=440/969 loss=1.683622 grad_norm=7.4297 lr=[6.550504137351575e-07, 6.550504137351575e-07, 3.2752520686757873e-07, 3.2752520686757873e-07, 6.550504137351574e-08, 6.550504137351574e-08]
2026-08-06 19:02:23,693 INFO epoch=1 step=450/969 loss=1.628350 grad_norm=8.4401 lr=[6.400501668263076e-07, 6.400501668263076e-07, 3.200250834131538e-07, 3.200250834131538e-07, 6.400501668263076e-08, 6.400501668263076e-08]
2026-08-06 19:02:28,730 INFO epoch=1 step=460/969 loss=1.695458 grad_norm=7.5080 lr=[6.249449254510937e-07, 6.249449254510937e-07, 3.1247246272554685e-07, 3.1247246272554685e-07, 6.249449254510937e-08, 6.249449254510937e-08]
2026-08-06 19:02:33,849 INFO epoch=1 step=470/969 loss=1.784796 grad_norm=7.3403 lr=[6.097523016452663e-07, 6.097523016452663e-07, 3.0487615082263313e-07, 3.0487615082263313e-07, 6.097523016452662e-08, 6.097523016452662e-08]
2026-08-06 19:02:38,656 INFO epoch=1 step=480/969 loss=1.709563 grad_norm=7.2023 lr=[5.944900093285814e-07, 5.944900093285814e-07, 2.972450046642907e-07, 2.972450046642907e-07, 5.944900093285814e-08, 5.944900093285814e-08]
2026-08-06 19:02:44,111 INFO epoch=1 step=490/969 loss=1.406792 grad_norm=7.6427 lr=[5.791758436511618e-07, 5.791758436511618e-07, 2.895879218255809e-07, 2.895879218255809e-07, 5.791758436511618e-08, 5.791758436511618e-08]
2026-08-06 19:02:48,839 INFO epoch=1 step=500/969 loss=1.696839 grad_norm=7.9107 lr=[5.638276602451491e-07, 5.638276602451491e-07, 2.8191383012257455e-07, 2.8191383012257455e-07, 5.638276602451491e-08, 5.638276602451491e-08]
2026-08-06 19:04:36,097 INFO dev metrics: {'samples': 128, 'empty_outputs': 0, 'average_words': 22.359375, 'p95_words': 30, 'length_18_24_ratio': 0.5625, 'single_sentence_ratio': 1.0, 'subject_start_ratio': 1.0, 'dev_loss': 1.593841213236526, 'global_step': 500}
2026-08-06 19:04:44,988 INFO epoch=1 step=510/969 loss=1.809995 grad_norm=9.9520 lr=[5.48463354405834e-07, 5.48463354405834e-07, 2.74231677202917e-07, 2.74231677202917e-07, 5.4846335440583404e-08, 5.4846335440583404e-08]
2026-08-06 19:04:53,402 INFO epoch=1 step=520/969 loss=1.459526 grad_norm=8.2397 lr=[5.331008402265443e-07, 5.331008402265443e-07, 2.6655042011327213e-07, 2.6655042011327213e-07, 5.3310084022654425e-08, 5.3310084022654425e-08]
2026-08-06 19:04:57,752 INFO epoch=1 step=530/969 loss=1.861721 grad_norm=8.3794 lr=[5.177580297116109e-07, 5.177580297116109e-07, 2.588790148558054e-07, 2.588790148558054e-07, 5.177580297116109e-08, 5.177580297116109e-08]
2026-08-06 19:05:02,509 INFO epoch=1 step=540/969 loss=1.395176 grad_norm=7.7624 lr=[5.024528118917751e-07, 5.024528118917751e-07, 2.5122640594588756e-07, 2.5122640594588756e-07, 5.0245281189177514e-08, 5.0245281189177514e-08]
2026-08-06 19:05:07,461 INFO epoch=1 step=550/969 loss=1.909435 grad_norm=7.7543 lr=[4.872030319663759e-07, 4.872030319663759e-07, 2.4360151598318796e-07, 2.4360151598318796e-07, 4.872030319663759e-08, 4.872030319663759e-08]
2026-08-06 19:05:12,485 INFO epoch=1 step=560/969 loss=1.724018 grad_norm=9.0621 lr=[4.720264704966483e-07, 4.720264704966483e-07, 2.3601323524832416e-07, 2.3601323524832416e-07, 4.7202647049664836e-08, 4.7202647049664836e-08]
2026-08-06 19:05:17,075 INFO epoch=1 step=570/969 loss=1.582060 grad_norm=7.9864 lr=[4.569408226743824e-07, 4.569408226743824e-07, 2.284704113371912e-07, 2.284704113371912e-07, 4.569408226743824e-08, 4.569408226743824e-08]
2026-08-06 19:05:22,173 INFO epoch=1 step=580/969 loss=1.713248 grad_norm=8.7137 lr=[4.4196367769012255e-07, 4.4196367769012255e-07, 2.2098183884506127e-07, 2.2098183884506127e-07, 4.4196367769012255e-08, 4.4196367769012255e-08]
2026-08-06 19:05:26,877 INFO epoch=1 step=590/969 loss=1.727697 grad_norm=13.4662 lr=[4.271124982249579e-07, 4.271124982249579e-07, 2.1355624911247895e-07, 2.1355624911247895e-07, 4.271124982249579e-08, 4.271124982249579e-08]
2026-08-06 19:05:31,969 INFO epoch=1 step=600/969 loss=1.702669 grad_norm=8.5650 lr=[4.1240460008981617e-07, 4.1240460008981617e-07, 2.0620230004490808e-07, 2.0620230004490808e-07, 4.124046000898161e-08, 4.124046000898161e-08]
2026-08-06 19:07:10,048 INFO dev metrics: {'samples': 128, 'empty_outputs': 0, 'average_words': 21.515625, 'p95_words': 30, 'length_18_24_ratio': 0.5546875, 'single_sentence_ratio': 1.0, 'subject_start_ratio': 1.0, 'dev_loss': 1.577452653752487, 'global_step': 600}
2026-08-06 19:07:21,887 INFO epoch=1 step=610/969 loss=1.633136 grad_norm=8.4752 lr=[3.978571320360047e-07, 3.978571320360047e-07, 1.9892856601800234e-07, 1.9892856601800234e-07, 3.978571320360047e-08, 3.978571320360047e-08]
2026-08-06 19:07:26,825 INFO epoch=1 step=620/969 loss=1.906276 grad_norm=7.5464 lr=[3.834870557605313e-07, 3.834870557605313e-07, 1.9174352788026565e-07, 1.9174352788026565e-07, 3.834870557605313e-08, 3.834870557605313e-08]
2026-08-06 19:07:31,607 INFO epoch=1 step=630/969 loss=1.646041 grad_norm=7.7339 lr=[3.693111261295263e-07, 3.693111261295263e-07, 1.8465556306476315e-07, 1.8465556306476315e-07, 3.693111261295263e-08, 3.693111261295263e-08]
2026-08-06 19:07:37,179 INFO epoch=1 step=640/969 loss=1.707085 grad_norm=7.4608 lr=[3.553458716428165e-07, 3.553458716428165e-07, 1.7767293582140825e-07, 1.7767293582140825e-07, 3.553458716428165e-08, 3.553458716428165e-08]
2026-08-06 19:07:41,597 INFO epoch=1 step=650/969 loss=1.570526 grad_norm=7.7732 lr=[3.416075751624352e-07, 3.416075751624352e-07, 1.708037875812176e-07, 1.708037875812176e-07, 3.4160757516243516e-08, 3.4160757516243516e-08]
2026-08-06 19:07:46,578 INFO epoch=1 step=660/969 loss=1.518006 grad_norm=7.8526 lr=[3.281122549275318e-07, 3.281122549275318e-07, 1.640561274637659e-07, 1.640561274637659e-07, 3.281122549275318e-08, 3.281122549275318e-08]
2026-08-06 19:07:50,912 INFO epoch=1 step=670/969 loss=1.589841 grad_norm=7.6411 lr=[3.14875645877823e-07, 3.14875645877823e-07, 1.574378229389115e-07, 1.574378229389115e-07, 3.14875645877823e-08, 3.14875645877823e-08]
2026-08-06 19:07:55,337 INFO epoch=1 step=680/969 loss=1.601026 grad_norm=7.9152 lr=[3.019131813073563e-07, 3.019131813073563e-07, 1.5095659065367816e-07, 1.5095659065367816e-07, 3.0191318130735635e-08, 3.0191318130735635e-08]
2026-08-06 19:07:59,632 INFO epoch=1 step=690/969 loss=1.564022 grad_norm=6.9946 lr=[2.892399748699793e-07, 2.892399748699793e-07, 1.4461998743498965e-07, 1.4461998743498965e-07, 2.892399748699793e-08, 2.892399748699793e-08]
2026-08-06 19:08:04,103 INFO epoch=1 step=700/969 loss=1.499578 grad_norm=7.2146 lr=[2.7687080295749585e-07, 2.7687080295749585e-07, 1.3843540147874793e-07, 1.3843540147874793e-07, 2.7687080295749588e-08, 2.7687080295749588e-08]
2026-08-06 19:09:46,948 INFO dev metrics: {'samples': 128, 'empty_outputs': 0, 'average_words': 21.0078125, 'p95_words': 29, 'length_18_24_ratio': 0.5703125, 'single_sentence_ratio': 1.0, 'subject_start_ratio': 1.0, 'dev_loss': 1.5684047264844887, 'global_step': 700}
2026-08-06 19:09:55,152 INFO epoch=1 step=710/969 loss=1.632240 grad_norm=8.2244 lr=[2.6482008747105356e-07, 2.6482008747105356e-07, 1.3241004373552678e-07, 1.3241004373552678e-07, 2.6482008747105355e-08, 2.6482008747105355e-08]
2026-08-06 19:10:04,235 INFO epoch=1 step=720/969 loss=1.571559 grad_norm=6.9060 lr=[2.531018790058528e-07, 2.531018790058528e-07, 1.265509395029264e-07, 1.265509395029264e-07, 2.5310187900585278e-08, 2.5310187900585278e-08]
2026-08-06 19:10:08,662 INFO epoch=1 step=730/969 loss=1.554729 grad_norm=6.9352 lr=[2.417298404687812e-07, 2.417298404687812e-07, 1.208649202343906e-07, 1.208649202343906e-07, 2.417298404687812e-08, 2.417298404687812e-08]
2026-08-06 19:10:13,892 INFO epoch=1 step=740/969 loss=1.605953 grad_norm=8.0957 lr=[2.3071723114807492e-07, 2.3071723114807492e-07, 1.1535861557403746e-07, 1.1535861557403746e-07, 2.307172311480749e-08, 2.307172311480749e-08]
2026-08-06 19:10:18,226 INFO epoch=1 step=750/969 loss=1.686624 grad_norm=9.0225 lr=[2.200768912535822e-07, 2.200768912535822e-07, 1.100384456267911e-07, 1.100384456267911e-07, 2.200768912535822e-08, 2.200768912535822e-08]
2026-08-06 19:10:23,104 INFO epoch=1 step=760/969 loss=1.602491 grad_norm=7.2858 lr=[2.098212269456523e-07, 2.098212269456523e-07, 1.0491061347282614e-07, 1.0491061347282614e-07, 2.0982122694565228e-08, 2.0982122694565228e-08]
2026-08-06 19:10:27,854 INFO epoch=1 step=770/969 loss=1.393526 grad_norm=7.9396 lr=[1.9996219587010847e-07, 1.9996219587010847e-07, 9.998109793505424e-08, 9.998109793505424e-08, 1.999621958701085e-08, 1.999621958701085e-08]
2026-08-06 19:10:32,691 INFO epoch=1 step=780/969 loss=1.575414 grad_norm=23.8383 lr=[1.9051129321616726e-07, 1.9051129321616726e-07, 9.525564660808363e-08, 9.525564660808363e-08, 1.9051129321616727e-08, 1.9051129321616727e-08]
2026-08-06 19:10:37,494 INFO epoch=1 step=790/969 loss=1.814060 grad_norm=6.8114 lr=[1.8147953831356215e-07, 1.8147953831356215e-07, 9.073976915678107e-08, 9.073976915678107e-08, 1.8147953831356213e-08, 1.8147953831356213e-08]
2026-08-06 19:10:42,210 INFO epoch=1 step=800/969 loss=1.777864 grad_norm=10.7686 lr=[1.728774617844977e-07, 1.728774617844977e-07, 8.643873089224885e-08, 8.643873089224885e-08, 1.728774617844977e-08, 1.728774617844977e-08]
2026-08-06 19:12:26,213 INFO dev metrics: {'samples': 128, 'empty_outputs': 0, 'average_words': 21.390625, 'p95_words': 29, 'length_18_24_ratio': 0.5625, 'single_sentence_ratio': 1.0, 'subject_start_ratio': 1.0, 'dev_loss': 1.5619114088445465, 'global_step': 800}
2026-08-06 19:12:34,171 INFO epoch=1 step=810/969 loss=1.537887 grad_norm=7.5905 lr=[1.6471509326541594e-07, 1.6471509326541594e-07, 8.235754663270797e-08, 8.235754663270797e-08, 1.6471509326541593e-08, 1.6471509326541593e-08]
2026-08-06 19:12:40,274 INFO epoch=1 step=820/969 loss=1.781139 grad_norm=7.4987 lr=[1.5700194971288817e-07, 1.5700194971288817e-07, 7.850097485644409e-08, 7.850097485644409e-08, 1.5700194971288817e-08, 1.5700194971288817e-08]
2026-08-06 19:12:44,590 INFO epoch=1 step=830/969 loss=1.692076 grad_norm=7.5081 lr=[1.4974702430726957e-07, 1.4974702430726957e-07, 7.487351215363479e-08, 7.487351215363479e-08, 1.497470243072696e-08, 1.497470243072696e-08]
2026-08-06 19:12:49,231 INFO epoch=1 step=840/969 loss=1.525527 grad_norm=7.4273 lr=[1.4295877596705337e-07, 1.4295877596705337e-07, 7.147938798352668e-08, 7.147938798352668e-08, 1.4295877596705336e-08, 1.4295877596705336e-08]
2026-08-06 19:12:53,581 INFO epoch=1 step=850/969 loss=1.507682 grad_norm=7.5894 lr=[1.366451194861498e-07, 1.366451194861498e-07, 6.83225597430749e-08, 6.83225597430749e-08, 1.366451194861498e-08, 1.366451194861498e-08]
2026-08-06 19:12:57,860 INFO epoch=1 step=860/969 loss=1.799364 grad_norm=7.2998 lr=[1.3081341630559098e-07, 1.3081341630559098e-07, 6.540670815279549e-08, 6.540670815279549e-08, 1.3081341630559099e-08, 1.3081341630559099e-08]
2026-08-06 19:13:02,163 INFO epoch=1 step=870/969 loss=1.610809 grad_norm=7.8664 lr=[1.2547046593041968e-07, 1.2547046593041968e-07, 6.273523296520984e-08, 6.273523296520984e-08, 1.2547046593041968e-08, 1.2547046593041968e-08]
2026-08-06 19:13:06,492 INFO epoch=1 step=880/969 loss=1.576450 grad_norm=7.8014 lr=[1.2062249800177068e-07, 1.2062249800177068e-07, 6.031124900088534e-08, 6.031124900088534e-08, 1.2062249800177069e-08, 1.2062249800177069e-08]
2026-08-06 19:13:12,138 INFO epoch=1 step=890/969 loss=1.546513 grad_norm=7.6290 lr=[1.1627516503338771e-07, 1.1627516503338771e-07, 5.8137582516693856e-08, 5.8137582516693856e-08, 1.1627516503338772e-08, 1.1627516503338772e-08]
2026-08-06 19:13:16,866 INFO epoch=1 step=900/969 loss=1.713600 grad_norm=8.9322 lr=[1.1243353582104555e-07, 1.1243353582104555e-07, 5.621676791052277e-08, 5.621676791052277e-08, 1.1243353582104555e-08, 1.1243353582104555e-08]
2026-08-06 19:14:46,632 INFO dev metrics: {'samples': 128, 'empty_outputs': 0, 'average_words': 21.2578125, 'p95_words': 29, 'length_18_24_ratio': 0.546875, 'single_sentence_ratio': 1.0, 'subject_start_ratio': 1.0, 'dev_loss': 1.558012420639886, 'global_step': 900}
2026-08-06 19:14:54,257 INFO epoch=1 step=910/969 loss=1.605498 grad_norm=7.1883 lr=[1.0910208953256065e-07, 1.0910208953256065e-07, 5.4551044766280324e-08, 5.4551044766280324e-08, 1.0910208953256063e-08, 1.0910208953256063e-08]
2026-08-06 19:14:58,728 INFO epoch=1 step=920/969 loss=1.742767 grad_norm=7.3740 lr=[1.06284710485282e-07, 1.06284710485282e-07, 5.3142355242641e-08, 5.3142355242641e-08, 1.06284710485282e-08, 1.06284710485282e-08]
2026-08-06 19:15:03,331 INFO epoch=1 step=930/969 loss=1.455512 grad_norm=8.1896 lr=[1.0398468361715076e-07, 1.0398468361715076e-07, 5.199234180857538e-08, 5.199234180857538e-08, 1.0398468361715077e-08, 1.0398468361715077e-08]
2026-08-06 19:15:07,662 INFO epoch=1 step=940/969 loss=1.498242 grad_norm=6.9706 lr=[1.0220469065660956e-07, 1.0220469065660956e-07, 5.110234532830478e-08, 5.110234532830478e-08, 1.0220469065660956e-08, 1.0220469065660956e-08]
2026-08-06 19:15:11,987 INFO epoch=1 step=950/969 loss=1.615934 grad_norm=6.8581 lr=[1.0094680699582712e-07, 1.0094680699582712e-07, 5.047340349791356e-08, 5.047340349791356e-08, 1.0094680699582712e-08, 1.0094680699582712e-08]
2026-08-06 19:15:16,333 INFO epoch=1 step=960/969 loss=1.892104 grad_norm=7.7342 lr=[1.0021249927088378e-07, 1.0021249927088378e-07, 5.010624963544189e-08, 5.010624963544189e-08, 1.0021249927088378e-08, 1.0021249927088378e-08]
2026-08-06 19:15:23,015 INFO training stopped at optimizer step 969
