2026-08-06 17:47:40,101 WARNING Missing checkpoint keys after tied-weight load: ['language_model.model.encoder.embed_tokens.weight', 'language_model.model.decoder.embed_tokens.weight', 'language_model.lm_head.weight']
2026-08-06 17:47:40,327 INFO parameter groups: {'vision': {'tensors': 400, 'parameters': 90368000}, 'projection': {'tensors': 5, 'parameters': 839168}, 'language': {'tensors': 259, 'parameters': 140206848}}
/data1/work/MichaelYu/miniconda3/envs/florence/lib/python3.10/site-packages/torch/autograd/graph.py:825: UserWarning: Grad strides do not match bucket view strides. This may indicate grad was not created according to the gradient layout contract, or that the param's strides changed since DDP was constructed.  This is not an error, but may impair performance.
grad.sizes() = [1024, 1, 3, 3], strides() = [9, 1, 3, 1]
bucket_view.sizes() = [1024, 1, 3, 3], strides() = [9, 9, 3, 1] (Triggered internally at ../torch/csrc/distributed/c10d/reducer.cpp:327.)
  return Variable._execution_engine.run_backward(  # Calls into the C++ engine to run the backward pass
/data1/work/MichaelYu/miniconda3/envs/florence/lib/python3.10/site-packages/torch/autograd/graph.py:825: UserWarning: Grad strides do not match bucket view strides. This may indicate grad was not created according to the gradient layout contract, or that the param's strides changed since DDP was constructed.  This is not an error, but may impair performance.
grad.sizes() = [1024, 1, 3, 3], strides() = [9, 1, 3, 1]
bucket_view.sizes() = [1024, 1, 3, 3], strides() = [9, 9, 3, 1] (Triggered internally at ../torch/csrc/distributed/c10d/reducer.cpp:327.)
  return Variable._execution_engine.run_backward(  # Calls into the C++ engine to run the backward pass
/data1/work/MichaelYu/miniconda3/envs/florence/lib/python3.10/site-packages/torch/autograd/graph.py:825: UserWarning: Grad strides do not match bucket view strides. This may indicate grad was not created according to the gradient layout contract, or that the param's strides changed since DDP was constructed.  This is not an error, but may impair performance.
grad.sizes() = [1024, 1, 3, 3], strides() = [9, 1, 3, 1]
bucket_view.sizes() = [1024, 1, 3, 3], strides() = [9, 9, 3, 1] (Triggered internally at ../torch/csrc/distributed/c10d/reducer.cpp:327.)
  return Variable._execution_engine.run_backward(  # Calls into the C++ engine to run the backward pass
/data1/work/MichaelYu/miniconda3/envs/florence/lib/python3.10/site-packages/torch/autograd/graph.py:825: UserWarning: Grad strides do not match bucket view strides. This may indicate grad was not created according to the gradient layout contract, or that the param's strides changed since DDP was constructed.  This is not an error, but may impair performance.
grad.sizes() = [1024, 1, 3, 3], strides() = [9, 1, 3, 1]
bucket_view.sizes() = [1024, 1, 3, 3], strides() = [9, 9, 3, 1] (Triggered internally at ../torch/csrc/distributed/c10d/reducer.cpp:327.)
  return Variable._execution_engine.run_backward(  # Calls into the C++ engine to run the backward pass
2026-08-06 17:47:46,786 INFO epoch=1 step=1/485 loss=4.186641 grad_norm=31.5071 lr=[4e-08, 4e-08, 2e-08, 2e-08, 4e-09, 4e-09]
2026-08-06 17:47:54,352 INFO epoch=1 step=10/485 loss=3.542294 grad_norm=24.9375 lr=[4e-07, 4e-07, 2e-07, 2e-07, 4e-08, 4e-08]
2026-08-06 17:48:02,679 INFO epoch=1 step=20/485 loss=3.370630 grad_norm=23.2679 lr=[8e-07, 8e-07, 4e-07, 4e-07, 8e-08, 8e-08]
2026-08-06 17:48:10,624 INFO epoch=1 step=30/485 loss=3.229851 grad_norm=17.8975 lr=[9.997376600647783e-07, 9.997376600647783e-07, 4.998688300323891e-07, 4.998688300323891e-07, 9.997376600647782e-08, 9.997376600647782e-08]
2026-08-06 17:48:19,009 INFO epoch=1 step=40/485 loss=2.840959 grad_norm=13.6137 lr=[9.976407754861425e-07, 9.976407754861425e-07, 4.988203877430712e-07, 4.988203877430712e-07, 9.976407754861426e-08, 9.976407754861426e-08]
2026-08-06 17:48:27,008 INFO epoch=1 step=50/485 loss=2.326035 grad_norm=10.9669 lr=[9.934567829727386e-07, 9.934567829727386e-07, 4.967283914863693e-07, 4.967283914863693e-07, 9.934567829727385e-08, 9.934567829727385e-08]
/data1/work/MichaelYu/miniconda3/envs/florence/lib/python3.10/site-packages/transformers/generation/configuration_utils.py:453: UserWarning: `num_beams` is set to 1. However, `early_stopping` is set to `True` -- this flag is only used in beam-based generation modes. You should set `num_beams>1` or unset `early_stopping`.
  warnings.warn(
2026-08-06 17:49:58,366 INFO dev metrics: {'samples': 128, 'empty_outputs': 0, 'average_words': 5.0, 'p95_words': 5, 'length_18_24_ratio': 0.0, 'single_sentence_ratio': 0.0, 'subject_start_ratio': 0.0, 'dev_loss': 2.369283936805431, 'global_step': 50}
Removed shared tensor {'language_model.model.encoder.embed_tokens.weight', 'language_model.model.decoder.embed_tokens.weight'} while saving. This should be OK, but check by verifying that you don't receive any warning while reloading
2026-08-06 17:50:12,366 INFO epoch=1 step=60/485 loss=2.557678 grad_norm=7.9139 lr=[9.872051902290735e-07, 9.872051902290735e-07, 4.936025951145368e-07, 4.936025951145368e-07, 9.872051902290736e-08, 9.872051902290736e-08]
2026-08-06 17:50:21,039 INFO epoch=1 step=70/485 loss=1.986726 grad_norm=6.8051 lr=[9.789151450663723e-07, 9.789151450663723e-07, 4.894575725331861e-07, 4.894575725331861e-07, 9.789151450663723e-08, 9.789151450663723e-08]
2026-08-06 17:50:29,683 INFO epoch=1 step=80/485 loss=2.390674 grad_norm=6.6196 lr=[9.686252995020249e-07, 9.686252995020249e-07, 4.843126497510124e-07, 4.843126497510124e-07, 9.686252995020248e-08, 9.686252995020248e-08]
2026-08-06 17:50:37,669 INFO epoch=1 step=90/485 loss=2.048786 grad_norm=5.2674 lr=[9.563836295460397e-07, 9.563836295460397e-07, 4.781918147730198e-07, 4.781918147730198e-07, 9.563836295460396e-08, 9.563836295460396e-08]
2026-08-06 17:50:45,957 INFO epoch=1 step=100/485 loss=1.707680 grad_norm=7.4202 lr=[9.422472115147381e-07, 9.422472115147381e-07, 4.7112360575736906e-07, 4.7112360575736906e-07, 9.422472115147381e-08, 9.422472115147381e-08]
/data1/work/MichaelYu/miniconda3/envs/florence/lib/python3.10/site-packages/transformers/generation/configuration_utils.py:453: UserWarning: `num_beams` is set to 1. However, `early_stopping` is set to `True` -- this flag is only used in beam-based generation modes. You should set `num_beams>1` or unset `early_stopping`.
  warnings.warn(
2026-08-06 17:52:25,062 INFO dev metrics: {'samples': 128, 'empty_outputs': 0, 'average_words': 20.546875, 'p95_words': 26, 'length_18_24_ratio': 0.71875, 'single_sentence_ratio': 1.0, 'subject_start_ratio': 0.9921875, 'dev_loss': 1.880637419544654, 'global_step': 100}
2026-08-06 17:52:40,626 INFO epoch=1 step=110/485 loss=1.759557 grad_norm=5.0388 lr=[9.262819559146199e-07, 9.262819559146199e-07, 4.6314097795730997e-07, 4.6314097795730997e-07, 9.262819559146199e-08, 9.262819559146199e-08]
2026-08-06 17:52:48,601 INFO epoch=1 step=120/485 loss=1.993937 grad_norm=5.2258 lr=[9.08562300137157e-07, 9.08562300137157e-07, 4.542811500685785e-07, 4.542811500685785e-07, 9.085623001371569e-08, 9.085623001371569e-08]
2026-08-06 17:52:56,634 INFO epoch=1 step=130/485 loss=1.723547 grad_norm=5.2561 lr=[8.891708613973124e-07, 8.891708613973124e-07, 4.445854306986562e-07, 4.445854306986562e-07, 8.891708613973125e-08, 8.891708613973125e-08]
2026-08-06 17:53:04,792 INFO epoch=1 step=140/485 loss=1.723749 grad_norm=5.2466 lr=[8.681980515339463e-07, 8.681980515339463e-07, 4.3409902576697315e-07, 4.3409902576697315e-07, 8.681980515339464e-08, 8.681980515339464e-08]
2026-08-06 17:53:12,895 INFO epoch=1 step=150/485 loss=1.965935 grad_norm=5.9641 lr=[8.457416554680876e-07, 8.457416554680876e-07, 4.228708277340438e-07, 4.228708277340438e-07, 8.457416554680877e-08, 8.457416554680877e-08]
/data1/work/MichaelYu/miniconda3/envs/florence/lib/python3.10/site-packages/transformers/generation/configuration_utils.py:453: UserWarning: `num_beams` is set to 1. However, `early_stopping` is set to `True` -- this flag is only used in beam-based generation modes. You should set `num_beams>1` or unset `early_stopping`.
  warnings.warn(
2026-08-06 17:54:53,888 INFO dev metrics: {'samples': 128, 'empty_outputs': 0, 'average_words': 21.5625, 'p95_words': 29, 'length_18_24_ratio': 0.640625, 'single_sentence_ratio': 1.0, 'subject_start_ratio': 1.0, 'dev_loss': 1.7545262887199038, 'global_step': 150}
2026-08-06 17:55:08,936 INFO epoch=1 step=160/485 loss=1.783232 grad_norm=5.4906 lr=[8.219063752844925e-07, 8.219063752844925e-07, 4.1095318764224625e-07, 4.1095318764224625e-07, 8.219063752844925e-08, 8.219063752844925e-08]
2026-08-06 17:55:17,547 INFO epoch=1 step=170/485 loss=1.819068 grad_norm=7.6508 lr=[7.968033420621934e-07, 7.968033420621934e-07, 3.984016710310967e-07, 3.984016710310967e-07, 7.968033420621933e-08, 7.968033420621933e-08]
2026-08-06 17:55:25,672 INFO epoch=1 step=180/485 loss=1.874532 grad_norm=5.3145 lr=[7.705495977301078e-07, 7.705495977301078e-07, 3.852747988650539e-07, 3.852747988650539e-07, 7.705495977301077e-08, 7.705495977301077e-08]
2026-08-06 17:55:34,187 INFO epoch=1 step=190/485 loss=2.050731 grad_norm=5.9222 lr=[7.432675493635369e-07, 7.432675493635369e-07, 3.7163377468176843e-07, 3.7163377468176843e-07, 7.432675493635369e-08, 7.432675493635369e-08]
2026-08-06 17:55:42,212 INFO epoch=1 step=200/485 loss=1.567886 grad_norm=5.1849 lr=[7.150843984658754e-07, 7.150843984658754e-07, 3.575421992329377e-07, 3.575421992329377e-07, 7.150843984658754e-08, 7.150843984658754e-08]
/data1/work/MichaelYu/miniconda3/envs/florence/lib/python3.10/site-packages/transformers/generation/configuration_utils.py:453: UserWarning: `num_beams` is set to 1. However, `early_stopping` is set to `True` -- this flag is only used in beam-based generation modes. You should set `num_beams>1` or unset `early_stopping`.
  warnings.warn(
2026-08-06 17:57:19,058 INFO dev metrics: {'samples': 128, 'empty_outputs': 0, 'average_words': 21.6796875, 'p95_words': 29, 'length_18_24_ratio': 0.6328125, 'single_sentence_ratio': 1.0, 'subject_start_ratio': 1.0, 'dev_loss': 1.698996851828161, 'global_step': 200}
2026-08-06 17:57:30,682 INFO epoch=1 step=210/485 loss=1.531985 grad_norm=5.1203 lr=[6.861315478964841e-07, 6.861315478964841e-07, 3.4306577394824204e-07, 3.4306577394824204e-07, 6.861315478964841e-08, 6.861315478964841e-08]
2026-08-06 17:57:42,914 INFO epoch=1 step=220/485 loss=1.752330 grad_norm=4.7630 lr=[6.565439892099009e-07, 6.565439892099009e-07, 3.2827199460495045e-07, 3.2827199460495045e-07, 6.56543989209901e-08, 6.56543989209901e-08]
2026-08-06 17:57:51,122 INFO epoch=1 step=230/485 loss=1.784457 grad_norm=7.8441 lr=[6.264596732629e-07, 6.264596732629e-07, 3.1322983663145e-07, 3.1322983663145e-07, 6.264596732629e-08, 6.264596732629e-08]
2026-08-06 17:57:59,155 INFO epoch=1 step=240/485 loss=1.794546 grad_norm=5.2895 lr=[5.960188670239154e-07, 5.960188670239154e-07, 2.980094335119577e-07, 2.980094335119577e-07, 5.960188670239153e-08, 5.960188670239153e-08]
2026-08-06 17:58:07,404 INFO epoch=1 step=250/485 loss=1.792947 grad_norm=5.9876 lr=[5.653634995836856e-07, 5.653634995836856e-07, 2.826817497918428e-07, 2.826817497918428e-07, 5.653634995836856e-08, 5.653634995836856e-08]
/data1/work/MichaelYu/miniconda3/envs/florence/lib/python3.10/site-packages/transformers/generation/configuration_utils.py:453: UserWarning: `num_beams` is set to 1. However, `early_stopping` is set to `True` -- this flag is only used in beam-based generation modes. You should set `num_beams>1` or unset `early_stopping`.
  warnings.warn(
2026-08-06 17:59:46,593 INFO dev metrics: {'samples': 128, 'empty_outputs': 0, 'average_words': 22.1484375, 'p95_words': 29, 'length_18_24_ratio': 0.578125, 'single_sentence_ratio': 1.0, 'subject_start_ratio': 1.0, 'dev_loss': 1.6672447186576163, 'global_step': 250}
2026-08-06 17:59:58,082 INFO epoch=1 step=260/485 loss=1.525129 grad_norm=5.8276 lr=[5.346365004163145e-07, 5.346365004163145e-07, 2.6731825020815723e-07, 2.6731825020815723e-07, 5.346365004163145e-08, 5.346365004163145e-08]
2026-08-06 18:00:09,763 INFO epoch=1 step=270/485 loss=1.453287 grad_norm=5.8071 lr=[5.039811329760846e-07, 5.039811329760846e-07, 2.519905664880423e-07, 2.519905664880423e-07, 5.039811329760846e-08, 5.039811329760846e-08]
2026-08-06 18:00:18,024 INFO epoch=1 step=280/485 loss=1.787791 grad_norm=5.1001 lr=[4.735403267371e-07, 4.735403267371e-07, 2.3677016336855e-07, 2.3677016336855e-07, 4.735403267371e-08, 4.735403267371e-08]
2026-08-06 18:00:26,199 INFO epoch=1 step=290/485 loss=1.768402 grad_norm=5.9257 lr=[4.43456010790099e-07, 4.43456010790099e-07, 2.217280053950495e-07, 2.217280053950495e-07, 4.43456010790099e-08, 4.43456010790099e-08]
2026-08-06 18:00:34,195 INFO epoch=1 step=300/485 loss=1.773557 grad_norm=5.4203 lr=[4.1386845210351593e-07, 4.1386845210351593e-07, 2.0693422605175797e-07, 2.0693422605175797e-07, 4.13868452103516e-08, 4.13868452103516e-08]
/data1/work/MichaelYu/miniconda3/envs/florence/lib/python3.10/site-packages/transformers/generation/configuration_utils.py:453: UserWarning: `num_beams` is set to 1. However, `early_stopping` is set to `True` -- this flag is only used in beam-based generation modes. You should set `num_beams>1` or unset `early_stopping`.
  warnings.warn(
2026-08-06 18:03:20,287 INFO dev metrics: {'samples': 128, 'empty_outputs': 0, 'average_words': 21.3515625, 'p95_words': 29, 'length_18_24_ratio': 0.640625, 'single_sentence_ratio': 1.0, 'subject_start_ratio': 1.0, 'dev_loss': 1.6477882010569334, 'global_step': 300}
2026-08-06 18:03:33,449 INFO epoch=1 step=310/485 loss=1.980411 grad_norm=5.1730 lr=[3.849156015341246e-07, 3.849156015341246e-07, 1.924578007670623e-07, 1.924578007670623e-07, 3.849156015341246e-08, 3.849156015341246e-08]
2026-08-06 18:03:43,072 INFO epoch=1 step=320/485 loss=1.783875 grad_norm=5.8151 lr=[3.567324506364632e-07, 3.567324506364632e-07, 1.783662253182316e-07, 1.783662253182316e-07, 3.567324506364632e-08, 3.567324506364632e-08]
2026-08-06 18:03:51,266 INFO epoch=1 step=330/485 loss=1.583140 grad_norm=5.6535 lr=[3.294504022698924e-07, 3.294504022698924e-07, 1.647252011349462e-07, 1.647252011349462e-07, 3.294504022698924e-08, 3.294504022698924e-08]
2026-08-06 18:03:59,244 INFO epoch=1 step=340/485 loss=1.673646 grad_norm=5.3884 lr=[3.0319665793780646e-07, 3.0319665793780646e-07, 1.5159832896890323e-07, 1.5159832896890323e-07, 3.0319665793780646e-08, 3.0319665793780646e-08]
2026-08-06 18:04:07,425 INFO epoch=1 step=350/485 loss=1.557391 grad_norm=9.4802 lr=[2.7809362471550746e-07, 2.7809362471550746e-07, 1.3904681235775373e-07, 1.3904681235775373e-07, 2.7809362471550747e-08, 2.7809362471550747e-08]
/data1/work/MichaelYu/miniconda3/envs/florence/lib/python3.10/site-packages/transformers/generation/configuration_utils.py:453: UserWarning: `num_beams` is set to 1. However, `early_stopping` is set to `True` -- this flag is only used in beam-based generation modes. You should set `num_beams>1` or unset `early_stopping`.
  warnings.warn(
2026-08-06 18:05:48,867 INFO dev metrics: {'samples': 128, 'empty_outputs': 0, 'average_words': 21.578125, 'p95_words': 29, 'length_18_24_ratio': 0.6328125, 'single_sentence_ratio': 1.0, 'subject_start_ratio': 1.0, 'dev_loss': 1.6370856870089519, 'global_step': 350}
2026-08-06 18:06:01,999 INFO epoch=1 step=360/485 loss=1.664987 grad_norm=5.2641 lr=[2.542583445319123e-07, 2.542583445319123e-07, 1.2712917226595616e-07, 1.2712917226595616e-07, 2.542583445319123e-08, 2.542583445319123e-08]
2026-08-06 18:06:12,083 INFO epoch=1 step=370/485 loss=1.670060 grad_norm=6.4067 lr=[2.3180194846605364e-07, 2.3180194846605364e-07, 1.1590097423302682e-07, 1.1590097423302682e-07, 2.3180194846605363e-08, 2.3180194846605363e-08]
2026-08-06 18:06:20,321 INFO epoch=1 step=380/485 loss=1.650680 grad_norm=5.6970 lr=[2.1082913860268764e-07, 2.1082913860268764e-07, 1.0541456930134382e-07, 1.0541456930134382e-07, 2.1082913860268763e-08, 2.1082913860268763e-08]
2026-08-06 18:06:28,685 INFO epoch=1 step=390/485 loss=1.646462 grad_norm=5.7607 lr=[1.9143769986284297e-07, 1.9143769986284297e-07, 9.571884993142148e-08, 9.571884993142148e-08, 1.91437699862843e-08, 1.91437699862843e-08]
2026-08-06 18:06:36,735 INFO epoch=1 step=400/485 loss=1.844795 grad_norm=6.7153 lr=[1.737180440853802e-07, 1.737180440853802e-07, 8.68590220426901e-08, 8.68590220426901e-08, 1.737180440853802e-08, 1.737180440853802e-08]
/data1/work/MichaelYu/miniconda3/envs/florence/lib/python3.10/site-packages/transformers/generation/configuration_utils.py:453: UserWarning: `num_beams` is set to 1. However, `early_stopping` is set to `True` -- this flag is only used in beam-based generation modes. You should set `num_beams>1` or unset `early_stopping`.
  warnings.warn(
2026-08-06 18:08:18,641 INFO dev metrics: {'samples': 128, 'empty_outputs': 0, 'average_words': 21.8203125, 'p95_words': 29, 'length_18_24_ratio': 0.5703125, 'single_sentence_ratio': 1.0, 'subject_start_ratio': 1.0, 'dev_loss': 1.6295420425249314, 'global_step': 400}
2026-08-06 18:08:33,238 INFO epoch=1 step=410/485 loss=1.869720 grad_norm=5.2466 lr=[1.577527884852619e-07, 1.577527884852619e-07, 7.887639424263094e-08, 7.887639424263094e-08, 1.5775278848526187e-08, 1.5775278848526187e-08]
2026-08-06 18:08:41,304 INFO epoch=1 step=420/485 loss=1.592983 grad_norm=5.2806 lr=[1.4361637045396027e-07, 1.4361637045396027e-07, 7.180818522698013e-08, 7.180818522698013e-08, 1.4361637045396028e-08, 1.4361637045396028e-08]
2026-08-06 18:08:49,921 INFO epoch=1 step=430/485 loss=1.880294 grad_norm=5.6142 lr=[1.3137470049797508e-07, 1.3137470049797508e-07, 6.568735024898754e-08, 6.568735024898754e-08, 1.3137470049797508e-08, 1.3137470049797508e-08]
2026-08-06 18:08:58,004 INFO epoch=1 step=440/485 loss=1.651629 grad_norm=5.2896 lr=[1.2108485493362764e-07, 1.2108485493362764e-07, 6.054242746681382e-08, 6.054242746681382e-08, 1.2108485493362763e-08, 1.2108485493362763e-08]
2026-08-06 18:09:06,184 INFO epoch=1 step=450/485 loss=1.804480 grad_norm=6.0961 lr=[1.1279480977092634e-07, 1.1279480977092634e-07, 5.639740488546317e-08, 5.639740488546317e-08, 1.1279480977092635e-08, 1.1279480977092635e-08]
/data1/work/MichaelYu/miniconda3/envs/florence/lib/python3.10/site-packages/transformers/generation/configuration_utils.py:453: UserWarning: `num_beams` is set to 1. However, `early_stopping` is set to `True` -- this flag is only used in beam-based generation modes. You should set `num_beams>1` or unset `early_stopping`.
  warnings.warn(
2026-08-06 18:14:24,065 INFO dev metrics: {'samples': 128, 'empty_outputs': 0, 'average_words': 21.7890625, 'p95_words': 29, 'length_18_24_ratio': 0.5859375, 'single_sentence_ratio': 1.0, 'subject_start_ratio': 1.0, 'dev_loss': 1.624791491517641, 'global_step': 450}
2026-08-06 18:14:53,697 INFO epoch=1 step=460/485 loss=1.853082 grad_norm=6.5631 lr=[1.0654321702726141e-07, 1.0654321702726141e-07, 5.3271608513630704e-08, 5.3271608513630704e-08, 1.0654321702726141e-08, 1.0654321702726141e-08]
2026-08-06 18:15:02,071 INFO epoch=1 step=470/485 loss=1.554941 grad_norm=4.5009 lr=[1.0235922451385733e-07, 1.0235922451385733e-07, 5.1179612256928665e-08, 5.1179612256928665e-08, 1.0235922451385733e-08, 1.0235922451385733e-08]
2026-08-06 18:15:10,553 INFO epoch=1 step=480/485 loss=1.972788 grad_norm=5.5624 lr=[1.0026233993522169e-07, 1.0026233993522169e-07, 5.0131169967610845e-08, 5.0131169967610845e-08, 1.002623399352217e-08, 1.002623399352217e-08]
2026-08-06 18:15:17,456 INFO training stopped at optimizer step 485
